Component: ARM Compiler 5.06 update 6 (build 750) Tool: armlink [4d35ed]

==============================================================================

Section Cross References

    startup_stm32f030xc.o(RESET) refers to startup_stm32f030xc.o(STACK) for __initial_sp
    startup_stm32f030xc.o(RESET) refers to startup_stm32f030xc.o(.text) for Reset_Handler
    startup_stm32f030xc.o(RESET) refers to stm32f0xx_it.o(i.NMI_Handler) for NMI_Handler
    startup_stm32f030xc.o(RESET) refers to stm32f0xx_it.o(i.HardFault_Handler) for HardFault_Handler
    startup_stm32f030xc.o(RESET) refers to port.o(i.SVC_Handler) for SVC_Handler
    startup_stm32f030xc.o(RESET) refers to port.o(.emb_text) for PendSV_Handler
    startup_stm32f030xc.o(RESET) refers to port.o(i.SysTick_Handler) for SysTick_Handler
    startup_stm32f030xc.o(RESET) refers to stm32f0xx_it.o(i.TIM1_BRK_UP_TRG_COM_IRQHandler) for TIM1_BRK_UP_TRG_COM_IRQHandler
    startup_stm32f030xc.o(.text) refers to system_stm32f0xx.o(i.SystemInit) for SystemInit
    startup_stm32f030xc.o(.text) refers to entry.o(.ARM.Collect$$$$00000000) for __main
    main.o(i.HAL_TIM_PeriodElapsedCallback) refers to stm32f0xx_hal.o(i.HAL_IncTick) for HAL_IncTick
    main.o(i.StartDefaultTask) refers to cmsis_os2.o(i.osDelay) for osDelay
    main.o(i.SystemClock_Config) refers to memseta.o(.text) for __aeabi_memclr4
    main.o(i.SystemClock_Config) refers to stm32f0xx_hal_rcc.o(i.HAL_RCC_OscConfig) for HAL_RCC_OscConfig
    main.o(i.SystemClock_Config) refers to stm32f0xx_hal_rcc.o(i.HAL_RCC_ClockConfig) for HAL_RCC_ClockConfig
    main.o(i.main) refers to stm32f0xx_hal.o(i.HAL_Init) for HAL_Init
    main.o(i.main) refers to main.o(i.SystemClock_Config) for SystemClock_Config
    main.o(i.main) refers to fatfs.o(i.MX_FATFS_Init) for MX_FATFS_Init
    main.o(i.main) refers to cmsis_os2.o(i.osKernelInitialize) for osKernelInitialize
    main.o(i.main) refers to cmsis_os2.o(i.osThreadNew) for osThreadNew
    main.o(i.main) refers to cmsis_os2.o(i.osKernelStart) for osKernelStart
    main.o(i.main) refers to main.o(.constdata) for .constdata
    main.o(i.main) refers to main.o(i.StartDefaultTask) for StartDefaultTask
    main.o(i.main) refers to main.o(.data) for .data
    main.o(.constdata) refers to main.o(.conststring) for .conststring
    user_diskio.o(i.USER_initialize) refers to user_diskio.o(.data) for .data
    user_diskio.o(i.USER_status) refers to user_diskio.o(.data) for .data
    user_diskio.o(.data) refers to user_diskio.o(i.USER_initialize) for USER_initialize
    user_diskio.o(.data) refers to user_diskio.o(i.USER_status) for USER_status
    user_diskio.o(.data) refers to user_diskio.o(i.USER_read) for USER_read
    user_diskio.o(.data) refers to user_diskio.o(i.USER_write) for USER_write
    user_diskio.o(.data) refers to user_diskio.o(i.USER_ioctl) for USER_ioctl
    fatfs.o(i.MX_FATFS_Init) refers to ff_gen_drv.o(i.FATFS_LinkDriver) for FATFS_LinkDriver
    fatfs.o(i.MX_FATFS_Init) refers to fatfs.o(.data) for .data
    fatfs.o(i.MX_FATFS_Init) refers to user_diskio.o(.data) for USER_Driver
    stm32f0xx_it.o(i.TIM1_BRK_UP_TRG_COM_IRQHandler) refers to stm32f0xx_hal_tim.o(i.HAL_TIM_IRQHandler) for HAL_TIM_IRQHandler
    stm32f0xx_it.o(i.TIM1_BRK_UP_TRG_COM_IRQHandler) refers to stm32f0xx_hal_timebase_tim.o(.bss) for htim1
    stm32f0xx_hal_msp.o(i.HAL_MspInit) refers to stm32f0xx_hal_cortex.o(i.HAL_NVIC_SetPriority) for HAL_NVIC_SetPriority
    stm32f0xx_hal_timebase_tim.o(i.HAL_InitTick) refers to stm32f0xx_hal_cortex.o(i.HAL_NVIC_SetPriority) for HAL_NVIC_SetPriority
    stm32f0xx_hal_timebase_tim.o(i.HAL_InitTick) refers to stm32f0xx_hal_cortex.o(i.HAL_NVIC_EnableIRQ) for HAL_NVIC_EnableIRQ
    stm32f0xx_hal_timebase_tim.o(i.HAL_InitTick) refers to stm32f0xx_hal_rcc.o(i.HAL_RCC_GetClockConfig) for HAL_RCC_GetClockConfig
    stm32f0xx_hal_timebase_tim.o(i.HAL_InitTick) refers to stm32f0xx_hal_rcc.o(i.HAL_RCC_GetPCLK1Freq) for HAL_RCC_GetPCLK1Freq
    stm32f0xx_hal_timebase_tim.o(i.HAL_InitTick) refers to uidiv.o(.text) for __aeabi_uidivmod
    stm32f0xx_hal_timebase_tim.o(i.HAL_InitTick) refers to stm32f0xx_hal_tim.o(i.HAL_TIM_Base_Init) for HAL_TIM_Base_Init
    stm32f0xx_hal_timebase_tim.o(i.HAL_InitTick) refers to stm32f0xx_hal_tim.o(i.HAL_TIM_Base_Start_IT) for HAL_TIM_Base_Start_IT
    stm32f0xx_hal_timebase_tim.o(i.HAL_InitTick) refers to stm32f0xx_hal_timebase_tim.o(.bss) for .bss
    stm32f0xx_hal_timebase_tim.o(i.HAL_ResumeTick) refers to stm32f0xx_hal_timebase_tim.o(.bss) for .bss
    stm32f0xx_hal_timebase_tim.o(i.HAL_SuspendTick) refers to stm32f0xx_hal_timebase_tim.o(.bss) for .bss
    stm32f0xx_hal_rcc.o(i.HAL_RCC_ClockConfig) refers to stm32f0xx_hal.o(i.HAL_GetTick) for HAL_GetTick
    stm32f0xx_hal_rcc.o(i.HAL_RCC_ClockConfig) refers to stm32f0xx_hal_rcc.o(i.HAL_RCC_GetSysClockFreq) for HAL_RCC_GetSysClockFreq
    stm32f0xx_hal_rcc.o(i.HAL_RCC_ClockConfig) refers to stm32f0xx_hal_timebase_tim.o(i.HAL_InitTick) for HAL_InitTick
[...]
    Removing stm32f0xx_hal_tim.o(i.HAL_TIM_PWM_PulseFinishedHalfCpltCallback), (2 bytes).
    Removing stm32f0xx_hal_tim.o(i.HAL_TIM_PWM_Start), (168 bytes).
    Removing stm32f0xx_hal_tim.o(i.HAL_TIM_PWM_Start_DMA), (408 bytes).
    Removing stm32f0xx_hal_tim.o(i.HAL_TIM_PWM_Start_IT), (204 bytes).
    Removing stm32f0xx_hal_tim.o(i.HAL_TIM_PWM_Stop), (148 bytes).
    Removing stm32f0xx_hal_tim.o(i.HAL_TIM_PWM_Stop_DMA), (224 bytes).
    Removing stm32f0xx_hal_tim.o(i.HAL_TIM_PWM_Stop_IT), (192 bytes).
    Removing stm32f0xx_hal_tim.o(i.HAL_TIM_PeriodElapsedCallback), (2 bytes).
    Removing stm32f0xx_hal_tim.o(i.HAL_TIM_PeriodElapsedHalfCpltCallback), (2 bytes).
    Removing stm32f0xx_hal_tim.o(i.HAL_TIM_ReadCapturedValue), (44 bytes).
    Removing stm32f0xx_hal_tim.o(i.HAL_TIM_SlaveConfigSynchro), (76 bytes).
    Removing stm32f0xx_hal_tim.o(i.HAL_TIM_SlaveConfigSynchro_IT), (76 bytes).
    Removing stm32f0xx_hal_tim.o(i.HAL_TIM_TriggerHalfCpltCallback), (2 bytes).
    Removing stm32f0xx_hal_tim.o(i.TIM_CCxChannelCmd), (26 bytes).
    Removing stm32f0xx_hal_tim.o(i.TIM_DMACaptureCplt), (118 bytes).
    Removing stm32f0xx_hal_tim.o(i.TIM_DMACaptureHalfCplt), (56 bytes).
    Removing stm32f0xx_hal_tim.o(i.TIM_DMADelayPulseCplt), (102 bytes).
    Removing stm32f0xx_hal_tim.o(i.TIM_DMADelayPulseHalfCplt), (56 bytes).
    Removing stm32f0xx_hal_tim.o(i.TIM_DMAError), (84 bytes).
    Removing stm32f0xx_hal_tim.o(i.TIM_DMAPeriodElapsedCplt), (24 bytes).
    Removing stm32f0xx_hal_tim.o(i.TIM_DMAPeriodElapsedHalfCplt), (10 bytes).
    Removing stm32f0xx_hal_tim.o(i.TIM_DMATriggerCplt), (24 bytes).
    Removing stm32f0xx_hal_tim.o(i.TIM_DMATriggerHalfCplt), (10 bytes).
    Removing stm32f0xx_hal_tim.o(i.TIM_ETR_SetConfig), (22 bytes).
    Removing stm32f0xx_hal_tim.o(i.TIM_ITRx_SetConfig), (16 bytes).
    Removing stm32f0xx_hal_tim.o(i.TIM_OC1_SetConfig), (136 bytes).
    Removing stm32f0xx_hal_tim.o(i.TIM_OC2_SetConfig), (128 bytes).
    Removing stm32f0xx_hal_tim.o(i.TIM_OC3_SetConfig), (132 bytes).
    Removing stm32f0xx_hal_tim.o(i.TIM_OC4_SetConfig), (108 bytes).
    Removing stm32f0xx_hal_tim.o(i.TIM_SlaveTimer_SetConfig), (134 bytes).
    Removing stm32f0xx_hal_tim.o(i.TIM_TI1_ConfigInputStage), (34 bytes).
    Removing stm32f0xx_hal_tim.o(i.TIM_TI1_SetConfig), (80 bytes).
    Removing stm32f0xx_hal_tim.o(i.TIM_TI2_ConfigInputStage), (38 bytes).
    Removing stm32f0xx_hal_tim.o(i.TIM_TI2_SetConfig), (52 bytes).
    Removing stm32f0xx_hal_tim_ex.o(.rev16_text), (4 bytes).
    Removing stm32f0xx_hal_tim_ex.o(.revsh_text), (4 bytes).
    Removing stm32f0xx_hal_tim_ex.o(i.HAL_TIMEx_CommutHalfCpltCallback), (2 bytes).
    Removing stm32f0xx_hal_tim_ex.o(i.HAL_TIMEx_ConfigBreakDeadTime), (94 bytes).
    Removing stm32f0xx_hal_tim_ex.o(i.HAL_TIMEx_ConfigCommutEvent), (108 bytes).
    Removing stm32f0xx_hal_tim_ex.o(i.HAL_TIMEx_ConfigCommutEvent_DMA), (140 bytes).
    Removing stm32f0xx_hal_tim_ex.o(i.HAL_TIMEx_ConfigCommutEvent_IT), (108 bytes).
    Removing stm32f0xx_hal_tim_ex.o(i.HAL_TIMEx_GetChannelNState), (30 bytes).
    Removing stm32f0xx_hal_tim_ex.o(i.HAL_TIMEx_HallSensor_DeInit), (68 bytes).
    Removing stm32f0xx_hal_tim_ex.o(i.HAL_TIMEx_HallSensor_GetState), (6 bytes).
    Removing stm32f0xx_hal_tim_ex.o(i.HAL_TIMEx_HallSensor_Init), (196 bytes).
    Removing stm32f0xx_hal_tim_ex.o(i.HAL_TIMEx_HallSensor_MspDeInit), (2 bytes).
    Removing stm32f0xx_hal_tim_ex.o(i.HAL_TIMEx_HallSensor_MspInit), (2 bytes).
    Removing stm32f0xx_hal_tim_ex.o(i.HAL_TIMEx_HallSensor_Start), (112 bytes).
    Removing stm32f0xx_hal_tim_ex.o(i.HAL_TIMEx_HallSensor_Start_DMA), (188 bytes).
    Removing stm32f0xx_hal_tim_ex.o(i.HAL_TIMEx_HallSensor_Start_IT), (120 bytes).
    Removing stm32f0xx_hal_tim_ex.o(i.HAL_TIMEx_HallSensor_Stop), (64 bytes).
    Removing stm32f0xx_hal_tim_ex.o(i.HAL_TIMEx_HallSensor_Stop_DMA), (76 bytes).
    Removing stm32f0xx_hal_tim_ex.o(i.HAL_TIMEx_HallSensor_Stop_IT), (76 bytes).
    Removing stm32f0xx_hal_tim_ex.o(i.HAL_TIMEx_MasterConfigSynchronization), (92 bytes).
    Removing stm32f0xx_hal_tim_ex.o(i.HAL_TIMEx_OCN_Start), (140 bytes).
    Removing stm32f0xx_hal_tim_ex.o(i.HAL_TIMEx_OCN_Start_DMA), (320 bytes).
    Removing stm32f0xx_hal_tim_ex.o(i.HAL_TIMEx_OCN_Start_IT), (168 bytes).
    Removing stm32f0xx_hal_tim_ex.o(i.HAL_TIMEx_OCN_Stop), (108 bytes).
    Removing stm32f0xx_hal_tim_ex.o(i.HAL_TIMEx_OCN_Stop_DMA), (168 bytes).
    Removing stm32f0xx_hal_tim_ex.o(i.HAL_TIMEx_OCN_Stop_IT), (160 bytes).
    Removing stm32f0xx_hal_tim_ex.o(i.HAL_TIMEx_OnePulseN_Start), (154 bytes).
    Removing stm32f0xx_hal_tim_ex.o(i.HAL_TIMEx_OnePulseN_Start_IT), (172 bytes).
    Removing stm32f0xx_hal_tim_ex.o(i.HAL_TIMEx_OnePulseN_Stop), (156 bytes).
    Removing stm32f0xx_hal_tim_ex.o(i.HAL_TIMEx_OnePulseN_Stop_IT), (176 bytes).
    Removing stm32f0xx_hal_tim_ex.o(i.HAL_TIMEx_PWMN_Start), (140 bytes).
    Removing stm32f0xx_hal_tim_ex.o(i.HAL_TIMEx_PWMN_Start_DMA), (320 bytes).
    Removing stm32f0xx_hal_tim_ex.o(i.HAL_TIMEx_PWMN_Start_IT), (168 bytes).
    Removing stm32f0xx_hal_tim_ex.o(i.HAL_TIMEx_PWMN_Stop), (108 bytes).
    Removing stm32f0xx_hal_tim_ex.o(i.HAL_TIMEx_PWMN_Stop_DMA), (168 bytes).
    Removing stm32f0xx_hal_tim_ex.o(i.HAL_TIMEx_PWMN_Stop_IT), (160 bytes).
    Removing stm32f0xx_hal_tim_ex.o(i.HAL_TIMEx_RemapConfig), (28 bytes).
    Removing stm32f0xx_hal_tim_ex.o(i.TIMEx_DMACommutationCplt), (16 bytes).
    Removing stm32f0xx_hal_tim_ex.o(i.TIMEx_DMACommutationHalfCplt), (16 bytes).
    Removing stm32f0xx_hal_tim_ex.o(i.TIM_CCxNChannelCmd), (26 bytes).
    Removing stm32f0xx_hal_tim_ex.o(i.TIM_DMADelayPulseNCplt), (102 bytes).
    Removing stm32f0xx_hal_tim_ex.o(i.TIM_DMAErrorCCxN), (62 bytes).
    Removing system_stm32f0xx.o(.rev16_text), (4 bytes).
    Removing system_stm32f0xx.o(.revsh_text), (4 bytes).
    Removing system_stm32f0xx.o(i.SystemCoreClockUpdate), (88 bytes).
    Removing diskio.o(.rev16_text), (4 bytes).
    Removing diskio.o(.revsh_text), (4 bytes).
    Removing diskio.o(i.disk_initialize), (44 bytes).
    Removing diskio.o(i.disk_ioctl), (28 bytes).
    Removing diskio.o(i.disk_read), (28 bytes).
    Removing diskio.o(i.disk_status), (24 bytes).
    Removing diskio.o(i.disk_write), (28 bytes).
    Removing diskio.o(i.get_fattime), (4 bytes).
    Removing ff.o(.rev16_text), (4 bytes).
    Removing ff.o(.revsh_text), (4 bytes).
    Removing ff.o(i.check_fs), (112 bytes).
    Removing ff.o(i.chk_lock), (108 bytes).
    Removing ff.o(i.clear_lock), (32 bytes).
    Removing ff.o(i.clmt_clust), (56 bytes).
    Removing ff.o(i.clust2sect), (30 bytes).
    Removing ff.o(i.create_chain), (180 bytes).
    Removing ff.o(i.create_name), (276 bytes).
    Removing ff.o(i.dec_lock), (60 bytes).
    Removing ff.o(i.dir_next), (268 bytes).
    Removing ff.o(i.dir_read), (104 bytes).
    Removing ff.o(i.dir_register), (124 bytes).
    Removing ff.o(i.dir_remove), (62 bytes).
    Removing ff.o(i.dir_sdi), (140 bytes).
    Removing ff.o(i.f_chmod), (88 bytes).
    Removing ff.o(i.f_close), (44 bytes).
    Removing ff.o(i.f_closedir), (40 bytes).
    Removing ff.o(i.f_getfree), (244 bytes).
    Removing ff.o(i.f_gets), (72 bytes).
    Removing ff.o(i.f_lseek), (610 bytes).
    Removing ff.o(i.f_mkdir), (366 bytes).
    Removing ff.o(i.f_mkfs), (1322 bytes).
    Removing ff.o(i.f_mount), (96 bytes).
    Removing ff.o(i.f_open), (432 bytes).
    Removing ff.o(i.f_opendir), (146 bytes).
    Removing ff.o(i.f_printf), (488 bytes).
    Removing ff.o(i.f_putc), (62 bytes).
    Removing ff.o(i.f_puts), (72 bytes).
    Removing ff.o(i.f_read), (384 bytes).
    Removing ff.o(i.f_readdir), (86 bytes).
    Removing ff.o(i.f_rename), (294 bytes).
    Removing ff.o(i.f_stat), (68 bytes).
    Removing ff.o(i.f_sync), (168 bytes).
    Removing ff.o(i.f_truncate), (200 bytes).
    Removing ff.o(i.f_unlink), (182 bytes).
    Removing ff.o(i.f_utime), (92 bytes).
    Removing ff.o(i.f_write), (440 bytes).
    Removing ff.o(i.find_volume), (672 bytes).
    Removing ff.o(i.follow_path), (198 bytes).
    Removing ff.o(i.get_fat), (204 bytes).
    Removing ff.o(i.get_fileinfo), (102 bytes).
    Removing ff.o(i.get_ldnumber), (60 bytes).
    Removing ff.o(i.inc_lock), (148 bytes).
    Removing ff.o(i.ld_clust), (36 bytes).
    Removing ff.o(i.mem_cpy), (16 bytes).
    Removing ff.o(i.mem_set), (14 bytes).
    Removing ff.o(i.move_window), (56 bytes).
    Removing ff.o(i.put_fat), (254 bytes).
    Removing ff.o(i.putc_bfd), (70 bytes).
    Removing ff.o(i.remove_chain), (102 bytes).
    Removing ff.o(i.st_clust), (16 bytes).
    Removing ff.o(i.sync_fs), (148 bytes).
    Removing ff.o(i.sync_window), (84 bytes).
    Removing ff.o(i.validate), (52 bytes).
    Removing ff.o(.bss), (24 bytes).
    Removing ff.o(.constdata), (172 bytes).
    Removing ff.o(.data), (8 bytes).
    Removing ff_gen_drv.o(.rev16_text), (4 bytes).
    Removing ff_gen_drv.o(.revsh_text), (4 bytes).
    Removing ff_gen_drv.o(i.FATFS_GetAttachedDriversNbr), (12 bytes).
    Removing ff_gen_drv.o(i.FATFS_UnLinkDriver), (10 bytes).
    Removing ff_gen_drv.o(i.FATFS_UnLinkDriverEx), (52 bytes).
    Removing syscall.o(.rev16_text), (4 bytes).
    Removing syscall.o(.revsh_text), (4 bytes).
    Removing event_groups.o(i.prvTestWaitCondition), (22 bytes).
    Removing event_groups.o(i.uxEventGroupGetNumber), (8 bytes).
    Removing event_groups.o(i.vEventGroupClearBitsCallback), (8 bytes).
    Removing event_groups.o(i.vEventGroupDelete), (60 bytes).
    Removing event_groups.o(i.vEventGroupSetBitsCallback), (8 bytes).
    Removing event_groups.o(i.vEventGroupSetNumber), (4 bytes).
    Removing event_groups.o(i.xEventGroupClearBits), (40 bytes).
    Removing event_groups.o(i.xEventGroupClearBitsFromISR), (20 bytes).
    Removing event_groups.o(i.xEventGroupCreate), (28 bytes).
    Removing event_groups.o(i.xEventGroupCreateStatic), (34 bytes).
    Removing event_groups.o(i.xEventGroupGetBitsFromISR), (18 bytes).
    Removing event_groups.o(i.xEventGroupSetBits), (116 bytes).
    Removing event_groups.o(i.xEventGroupSetBitsFromISR), (20 bytes).
    Removing event_groups.o(i.xEventGroupSync), (164 bytes).
    Removing event_groups.o(i.xEventGroupWaitBits), (204 bytes).
    Removing queue.o(i.pcQueueGetName), (40 bytes).
    Removing queue.o(i.prvInitialiseMutex), (24 bytes).
    Removing queue.o(i.ucQueueGetQueueType), (6 bytes).
    Removing queue.o(i.uxQueueGetQueueNumber), (4 bytes).
    Removing queue.o(i.uxQueueMessagesWaiting), (24 bytes).
    Removing queue.o(i.uxQueueMessagesWaitingFromISR), (12 bytes).
    Removing queue.o(i.uxQueueSpacesAvailable), (28 bytes).
    Removing queue.o(i.vQueueDelete), (30 bytes).
    Removing queue.o(i.vQueueSetQueueNumber), (4 bytes).
    Removing queue.o(i.vQueueUnregisterQueue), (40 bytes).
    Removing queue.o(i.xQueueCreateCountingSemaphore), (36 bytes).
    Removing queue.o(i.xQueueCreateCountingSemaphoreStatic), (42 bytes).
    Removing queue.o(i.xQueueCreateMutex), (22 bytes).
    Removing queue.o(i.xQueueCreateMutexStatic), (26 bytes).
    Removing queue.o(i.xQueueGenericCreate), (60 bytes).
    Removing queue.o(i.xQueueGetMutexHolder), (28 bytes).
    Removing queue.o(i.xQueueGetMutexHolderFromISR), (22 bytes).
    Removing queue.o(i.xQueueGiveFromISR), (116 bytes).
    Removing queue.o(i.xQueueGiveMutexRecursive), (50 bytes).
    Removing queue.o(i.xQueueIsQueueEmptyFromISR), (22 bytes).
    Removing queue.o(i.xQueueIsQueueFullFromISR), (24 bytes).
    Removing queue.o(i.xQueuePeek), (258 bytes).
    Removing queue.o(i.xQueuePeekFromISR), (76 bytes).
    Removing queue.o(i.xQueueReceiveFromISR), (120 bytes).
    Removing queue.o(i.xQueueSemaphoreTake), (320 bytes).
    Removing queue.o(i.xQueueTakeMutexRecursive), (52 bytes).
    Removing stream_buffer.o(i.prvBytesInBuffer), (18 bytes).
    Removing stream_buffer.o(i.prvInitialiseNewStreamBuffer), (56 bytes).
    Removing stream_buffer.o(i.prvReadBytesFromBuffer), (106 bytes).
    Removing stream_buffer.o(i.prvReadMessageFromBuffer), (66 bytes).
    Removing stream_buffer.o(i.prvWriteBytesToBuffer), (88 bytes).
    Removing stream_buffer.o(i.prvWriteMessageToBuffer), (62 bytes).
    Removing stream_buffer.o(i.ucStreamBufferGetStreamBufferType), (8 bytes).
    Removing stream_buffer.o(i.uxStreamBufferGetStreamBufferNumber), (4 bytes).
    Removing stream_buffer.o(i.vStreamBufferDelete), (30 bytes).
    Removing stream_buffer.o(i.vStreamBufferSetStreamBufferNumber), (4 bytes).
    Removing stream_buffer.o(i.xStreamBufferBytesAvailable), (16 bytes).
    Removing stream_buffer.o(i.xStreamBufferGenericCreate), (60 bytes).
    Removing stream_buffer.o(i.xStreamBufferGenericCreateStatic), (68 bytes).
    Removing stream_buffer.o(i.xStreamBufferIsEmpty), (24 bytes).
    Removing stream_buffer.o(i.xStreamBufferIsFull), (38 bytes).
    Removing stream_buffer.o(i.xStreamBufferReceive), (172 bytes).
    Removing stream_buffer.o(i.xStreamBufferReceiveCompletedFromISR), (58 bytes).
    Removing stream_buffer.o(i.xStreamBufferReceiveFromISR), (110 bytes).
    Removing stream_buffer.o(i.xStreamBufferReset), (60 bytes).
    Removing stream_buffer.o(i.xStreamBufferSend), (198 bytes).
    Removing stream_buffer.o(i.xStreamBufferSendCompletedFromISR), (58 bytes).
    Removing stream_buffer.o(i.xStreamBufferSendFromISR), (110 bytes).
    Removing stream_buffer.o(i.xStreamBufferSetTriggerLevel), (32 bytes).
    Removing stream_buffer.o(i.xStreamBufferSpacesAvailable), (28 bytes).
    Removing tasks.o(i.eTaskGetState), (92 bytes).
    Removing tasks.o(i.pcTaskGetName), (24 bytes).
    Removing tasks.o(i.prvListTasksWithinSingleList), (88 bytes).
    Removing tasks.o(i.prvTaskCheckFreeStackSpace), (20 bytes).
    Removing tasks.o(i.prvTaskIsTaskSuspended), (44 bytes).
    Removing tasks.o(i.pvTaskIncrementMutexHeldCount), (24 bytes).
    Removing tasks.o(i.ulTaskNotifyTake), (96 bytes).
    Removing tasks.o(i.uxTaskGetNumberOfTasks), (12 bytes).
    Removing tasks.o(i.uxTaskGetStackHighWaterMark), (24 bytes).
    Removing tasks.o(i.uxTaskGetSystemState), (148 bytes).
    Removing tasks.o(i.uxTaskGetTaskNumber), (8 bytes).
    Removing tasks.o(i.uxTaskPriorityGet), (32 bytes).
    Removing tasks.o(i.uxTaskPriorityGetFromISR), (32 bytes).
    Removing tasks.o(i.uxTaskResetEventItemValue), (24 bytes).
    Removing tasks.o(i.vTaskDelayUntil), (92 bytes).
    Removing tasks.o(i.vTaskDelete), (120 bytes).
    Removing tasks.o(i.vTaskEndScheduler), (20 bytes).
    Removing tasks.o(i.vTaskGetInfo), (116 bytes).
    Removing tasks.o(i.vTaskNotifyGiveFromISR), (140 bytes).
    Removing tasks.o(i.vTaskPlaceOnUnorderedEventList), (60 bytes).
    Removing tasks.o(i.vTaskPriorityDisinheritAfterTimeout), (112 bytes).
    Removing tasks.o(i.vTaskPrioritySet), (148 bytes).
    Removing tasks.o(i.vTaskRemoveFromUnorderedEventList), (92 bytes).
    Removing tasks.o(i.vTaskResume), (92 bytes).
    Removing tasks.o(i.vTaskSetTaskNumber), (8 bytes).
    Removing tasks.o(i.vTaskSetTimeOutState), (36 bytes).
    Removing tasks.o(i.vTaskSuspend), (136 bytes).
    Removing tasks.o(i.xTaskGenericNotify), (164 bytes).
    Removing tasks.o(i.xTaskGenericNotifyFromISR), (196 bytes).
    Removing tasks.o(i.xTaskGetCurrentTaskHandle), (12 bytes).
    Removing tasks.o(i.xTaskGetTickCountFromISR), (12 bytes).
    Removing tasks.o(i.xTaskNotifyStateClear), (48 bytes).
    Removing tasks.o(i.xTaskNotifyWait), (124 bytes).
    Removing tasks.o(i.xTaskPriorityInherit), (120 bytes).
    Removing tasks.o(i.xTaskResumeFromISR), (108 bytes).
    Removing timers.o(i.pcTimerGetName), (12 bytes).
    Removing timers.o(i.prvInitialiseNewTimer), (50 bytes).
    Removing timers.o(i.pvTimerGetTimerID), (24 bytes).
    Removing timers.o(i.uxTimerGetTimerNumber), (4 bytes).
    Removing timers.o(i.vTimerSetTimerID), (24 bytes).
    Removing timers.o(i.vTimerSetTimerNumber), (4 bytes).
    Removing timers.o(i.xTimerCreate), (48 bytes).
    Removing timers.o(i.xTimerCreateStatic), (36 bytes).
    Removing timers.o(i.xTimerGetExpiryTime), (12 bytes).
    Removing timers.o(i.xTimerGetPeriod), (12 bytes).
    Removing timers.o(i.xTimerGetTimerDaemonTaskHandle), (20 bytes).
    Removing timers.o(i.xTimerIsTimerActive), (34 bytes).
    Removing timers.o(i.xTimerPendFunctionCall), (48 bytes).
    Removing timers.o(i.xTimerPendFunctionCallFromISR), (36 bytes).
    Removing cmsis_os2.o(.rev16_text), (4 bytes).
    Removing cmsis_os2.o(.revsh_text), (4 bytes).
    Removing cmsis_os2.o(i.TimerCallback), (20 bytes).
    Removing cmsis_os2.o(i.osDelayUntil), (60 bytes).
    Removing cmsis_os2.o(i.osEventFlagsClear), (84 bytes).
    Removing cmsis_os2.o(i.osEventFlagsDelete), (56 bytes).
    Removing cmsis_os2.o(i.osEventFlagsGet), (48 bytes).
    Removing cmsis_os2.o(i.osEventFlagsNew), (72 bytes).
    Removing cmsis_os2.o(i.osEventFlagsSet), (100 bytes).
    Removing cmsis_os2.o(i.osEventFlagsWait), (128 bytes).
    Removing cmsis_os2.o(i.osKernelGetInfo), (64 bytes).
    Removing cmsis_os2.o(i.osKernelGetState), (36 bytes).
    Removing cmsis_os2.o(i.osKernelGetSysTimerCount), (32 bytes).
    Removing cmsis_os2.o(i.osKernelGetSysTimerFreq), (12 bytes).
    Removing cmsis_os2.o(i.osKernelGetTickCount), (44 bytes).
    Removing cmsis_os2.o(i.osKernelGetTickFreq), (6 bytes).
    Removing cmsis_os2.o(i.osKernelLock), (68 bytes).
    Removing cmsis_os2.o(i.osKernelRestoreLock), (96 bytes).
    Removing cmsis_os2.o(i.osKernelUnlock), (84 bytes).
    Removing cmsis_os2.o(i.osMessageQueueDelete), (68 bytes).
    Removing cmsis_os2.o(i.osMessageQueueGet), (124 bytes).
    Removing cmsis_os2.o(i.osMessageQueueGetCapacity), (8 bytes).
    Removing cmsis_os2.o(i.osMessageQueueGetCount), (48 bytes).
    Removing cmsis_os2.o(i.osMessageQueueGetMsgSize), (8 bytes).
    Removing cmsis_os2.o(i.osMessageQueueGetSpace), (64 bytes).
    Removing cmsis_os2.o(i.osMessageQueueNew), (128 bytes).
    Removing cmsis_os2.o(i.osMessageQueuePut), (128 bytes).
    Removing cmsis_os2.o(i.osMessageQueueReset), (60 bytes).
    Removing cmsis_os2.o(i.osMutexAcquire), (104 bytes).
    Removing cmsis_os2.o(i.osMutexDelete), (68 bytes).
    Removing cmsis_os2.o(i.osMutexGetOwner), (48 bytes).
    Removing cmsis_os2.o(i.osMutexNew), (140 bytes).
    Removing cmsis_os2.o(i.osMutexRelease), (92 bytes).
    Removing cmsis_os2.o(i.osSemaphoreAcquire), (112 bytes).
    Removing cmsis_os2.o(i.osSemaphoreDelete), (68 bytes).
    Removing cmsis_os2.o(i.osSemaphoreGetCount), (48 bytes).
    Removing cmsis_os2.o(i.osSemaphoreNew), (188 bytes).
    Removing cmsis_os2.o(i.osSemaphoreRelease), (100 bytes).
    Removing cmsis_os2.o(i.osThreadEnumerate), (116 bytes).
    Removing cmsis_os2.o(i.osThreadExit), (8 bytes).
    Removing cmsis_os2.o(i.osThreadFlagsClear), (100 bytes).
    Removing cmsis_os2.o(i.osThreadFlagsGet), (68 bytes).
    Removing cmsis_os2.o(i.osThreadFlagsSet), (132 bytes).
    Removing cmsis_os2.o(i.osThreadFlagsWait), (172 bytes).
    Removing cmsis_os2.o(i.osThreadGetCount), (40 bytes).
    Removing cmsis_os2.o(i.osThreadGetId), (40 bytes).
    Removing cmsis_os2.o(i.osThreadGetName), (44 bytes).
    Removing cmsis_os2.o(i.osThreadGetPriority), (48 bytes).
    Removing cmsis_os2.o(i.osThreadGetStackSize), (4 bytes).
    Removing cmsis_os2.o(i.osThreadGetStackSpace), (44 bytes).
    Removing cmsis_os2.o(i.osThreadGetState), (80 bytes).
    Removing cmsis_os2.o(i.osThreadResume), (56 bytes).
    Removing cmsis_os2.o(i.osThreadSetPriority), (64 bytes).
    Removing cmsis_os2.o(i.osThreadSuspend), (56 bytes).
    Removing cmsis_os2.o(i.osThreadTerminate), (76 bytes).
    Removing cmsis_os2.o(i.osThreadYield), (48 bytes).
    Removing cmsis_os2.o(i.osTimerDelete), (92 bytes).
    Removing cmsis_os2.o(i.osTimerGetName), (44 bytes).
    Removing cmsis_os2.o(i.osTimerIsRunning), (44 bytes).
    Removing cmsis_os2.o(i.osTimerNew), (136 bytes).
    Removing cmsis_os2.o(i.osTimerStart), (76 bytes).
    Removing cmsis_os2.o(i.osTimerStop), (96 bytes).
    Removing heap_4.o(i.vPortInitialiseBlocks), (2 bytes).
    Removing heap_4.o(i.xPortGetFreeHeapSize), (12 bytes).
    Removing heap_4.o(i.xPortGetMinimumEverFreeHeapSize), (12 bytes).
    Removing port.o(i.vPortEndScheduler), (24 bytes).

649 unused section(s) (total 55430 bytes) removed from the image.

==============================================================================

Image Symbol Table

    Local Symbols

    Symbol Name                              Value     Ov Type        Size  Object(Section)

    ../Drivers/STM32F0xx_HAL_Driver/Src/stm32f0xx_hal.c 0x00000000   Number         0  stm32f0xx_hal.o ABSOLUTE
    ../Drivers/STM32F0xx_HAL_Driver/Src/stm32f0xx_hal_cortex.c 0x00000000   Number         0  stm32f0xx_hal_cortex.o ABSOLUTE
    ../Drivers/STM32F0xx_HAL_Driver/Src/stm32f0xx_hal_dma.c 0x00000000   Number         0  stm32f0xx_hal_dma.o ABSOLUTE
    ../Drivers/STM32F0xx_HAL_Driver/Src/stm32f0xx_hal_exti.c 0x00000000   Number         0  stm32f0xx_hal_exti.o ABSOLUTE
    ../Drivers/STM32F0xx_HAL_Driver/Src/stm32f0xx_hal_flash.c 0x00000000   Number         0  stm32f0xx_hal_flash.o ABSOLUTE
    ../Drivers/STM32F0xx_HAL_Driver/Src/stm32f0xx_hal_flash_ex.c 0x00000000   Number         0  stm32f0xx_hal_flash_ex.o ABSOLUTE
    ../Drivers/STM32F0xx_HAL_Driver/Src/stm32f0xx_hal_gpio.c 0x00000000   Number         0  stm32f0xx_hal_gpio.o ABSOLUTE
    ../Drivers/STM32F0xx_HAL_Driver/Src/stm32f0xx_hal_i2c.c 0x00000000   Number         0  stm32f0xx_hal_i2c.o ABSOLUTE
    ../Drivers/STM32F0xx_HAL_Driver/Src/stm32f0xx_hal_i2c_ex.c 0x00000000   Number         0  stm32f0xx_hal_i2c_ex.o ABSOLUTE
    ../Drivers/STM32F0xx_HAL_Driver/Src/stm32f0xx_hal_pwr.c 0x00000000   Number         0  stm32f0xx_hal_pwr.o ABSOLUTE
    ../Drivers/STM32F0xx_HAL_Driver/Src/stm32f0xx_hal_pwr_ex.c 0x00000000   Number         0  stm32f0xx_hal_pwr_ex.o ABSOLUTE
    ../Drivers/STM32F0xx_HAL_Driver/Src/stm32f0xx_hal_rcc.c 0x00000000   Number         0  stm32f0xx_hal_rcc.o ABSOLUTE
    ../Drivers/STM32F0xx_HAL_Driver/Src/stm32f0xx_hal_rcc_ex.c 0x00000000   Number         0  stm32f0xx_hal_rcc_ex.o ABSOLUTE
    ../Drivers/STM32F0xx_HAL_Driver/Src/stm32f0xx_hal_tim.c 0x00000000   Number         0  stm32f0xx_hal_tim.o ABSOLUTE
    ../Drivers/STM32F0xx_HAL_Driver/Src/stm32f0xx_hal_tim_ex.c 0x00000000   Number         0  stm32f0xx_hal_tim_ex.o ABSOLUTE
    ../Middlewares/Third_Party/FatFs/src/diskio.c 0x00000000   Number         0  diskio.o ABSOLUTE
    ../Middlewares/Third_Party/FatFs/src/ff.c 0x00000000   Number         0  ff.o ABSOLUTE
    ../Middlewares/Third_Party/FatFs/src/ff_gen_drv.c 0x00000000   Number         0  ff_gen_drv.o ABSOLUTE
    ../Middlewares/Third_Party/FatFs/src/option/syscall.c 0x00000000   Number         0  syscall.o ABSOLUTE
    ../Middlewares/Third_Party/FreeRTOS/Source/CMSIS_RTOS_V2/cmsis_os2.c 0x00000000   Number         0  cmsis_os2.o ABSOLUTE
    ../Middlewares/Third_Party/FreeRTOS/Source/croutine.c 0x00000000   Number         0  croutine.o ABSOLUTE
    ../Middlewares/Third_Party/FreeRTOS/Source/event_groups.c 0x00000000   Number         0  event_groups.o ABSOLUTE
    ../Middlewares/Third_Party/FreeRTOS/Source/list.c 0x00000000   Number         0  list.o ABSOLUTE
    ../Middlewares/Third_Party/FreeRTOS/Source/portable/MemMang/heap_4.c 0x00000000   Number         0  heap_4.o ABSOLUTE
    ../Middlewares/Third_Party/FreeRTOS/Source/portable/RVDS/ARM_CM0/port.c 0x00000000   Number         0  port.o ABSOLUTE
    ../Middlewares/Third_Party/FreeRTOS/Source/queue.c 0x00000000   Number         0  queue.o ABSOLUTE
    ../Middlewares/Third_Party/FreeRTOS/Source/stream_buffer.c 0x00000000   Number         0  stream_buffer.o ABSOLUTE
    ../Middlewares/Third_Party/FreeRTOS/Source/tasks.c 0x00000000   Number         0  tasks.o ABSOLUTE
    ../Middlewares/Third_Party/FreeRTOS/Source/timers.c 0x00000000   Number         0  timers.o ABSOLUTE
    ../Src/fatfs.c                           0x00000000   Number         0  fatfs.o ABSOLUTE
    ../Src/freertos.c                        0x00000000   Number         0  freertos.o ABSOLUTE
    ../Src/main.c                            0x00000000   Number         0  main.o ABSOLUTE
    ../Src/stm32f0xx_hal_msp.c               0x00000000   Number         0  stm32f0xx_hal_msp.o ABSOLUTE
    ../Src/stm32f0xx_hal_timebase_tim.c      0x00000000   Number         0  stm32f0xx_hal_timebase_tim.o ABSOLUTE
    ../Src/stm32f0xx_it.c                    0x00000000   Number         0  stm32f0xx_it.o ABSOLUTE
    ../Src/system_stm32f0xx.c                0x00000000   Number         0  system_stm32f0xx.o ABSOLUTE
    ../Src/user_diskio.c                     0x00000000   Number         0  user_diskio.o ABSOLUTE
    ../clib/microlib/division.c              0x00000000   Number         0  uidiv.o ABSOLUTE
    ../clib/microlib/division.c              0x00000000   Number         0  uldiv.o ABSOLUTE
    ../clib/microlib/init/entry.s            0x00000000   Number         0  entry10b.o ABSOLUTE
    ../clib/microlib/init/entry.s            0x00000000   Number         0  entry10a.o ABSOLUTE
    ../clib/microlib/init/entry.s            0x00000000   Number         0  entry11a.o ABSOLUTE
    ../clib/microlib/init/entry.s            0x00000000   Number         0  entry2.o ABSOLUTE
    ../clib/microlib/init/entry.s            0x00000000   Number         0  entry5.o ABSOLUTE
    ../clib/microlib/init/entry.s            0x00000000   Number         0  entry11b.o ABSOLUTE
    ../clib/microlib/init/entry.s            0x00000000   Number         0  entry7b.o ABSOLUTE
    ../clib/microlib/init/entry.s            0x00000000   Number         0  entry8a.o ABSOLUTE
    ../clib/microlib/init/entry.s            0x00000000   Number         0  entry9a.o ABSOLUTE
    ../clib/microlib/init/entry.s            0x00000000   Number         0  entry.o ABSOLUTE
    ../clib/microlib/init/entry.s            0x00000000   Number         0  entry9b.o ABSOLUTE
    ../clib/microlib/init/entry.s            0x00000000   Number         0  entry8b.o ABSOLUTE
    ../clib/microlib/init/entry.s            0x00000000   Number         0  entry7a.o ABSOLUTE
    ../clib/microlib/longlong.c              0x00000000   Number         0  llushr.o ABSOLUTE
    ../clib/microlib/longlong.c              0x00000000   Number         0  llshl.o ABSOLUTE
    ../clib/microlib/string/memcpy.c         0x00000000   Number         0  memcpya.o ABSOLUTE
    ../clib/microlib/string/memcpy.c         0x00000000   Number         0  memcpyb.o ABSOLUTE
    ../clib/microlib/string/memset.c         0x00000000   Number         0  memset.o ABSOLUTE
    ../clib/microlib/string/memset.c         0x00000000   Number         0  memseta.o ABSOLUTE
    ../clib/microlib/unhosted.c              0x00000000   Number         0  uread4.o ABSOLUTE
    ..\Drivers\STM32F0xx_HAL_Driver\Src\stm32f0xx_hal.c 0x00000000   Number         0  stm32f0xx_hal.o ABSOLUTE
    ..\Drivers\STM32F0xx_HAL_Driver\Src\stm32f0xx_hal_cortex.c 0x00000000   Number         0  stm32f0xx_hal_cortex.o ABSOLUTE
    ..\Drivers\STM32F0xx_HAL_Driver\Src\stm32f0xx_hal_dma.c 0x00000000   Number         0  stm32f0xx_hal_dma.o ABSOLUTE
    ..\Drivers\STM32F0xx_HAL_Driver\Src\stm32f0xx_hal_exti.c 0x00000000   Number         0  stm32f0xx_hal_exti.o ABSOLUTE
    ..\Drivers\STM32F0xx_HAL_Driver\Src\stm32f0xx_hal_flash.c 0x00000000   Number         0  stm32f0xx_hal_flash.o ABSOLUTE
    ..\Drivers\STM32F0xx_HAL_Driver\Src\stm32f0xx_hal_flash_ex.c 0x00000000   Number         0  stm32f0xx_hal_flash_ex.o ABSOLUTE
    ..\Drivers\STM32F0xx_HAL_Driver\Src\stm32f0xx_hal_gpio.c 0x00000000   Number         0  stm32f0xx_hal_gpio.o ABSOLUTE
    ..\Drivers\STM32F0xx_HAL_Driver\Src\stm32f0xx_hal_i2c.c 0x00000000   Number         0  stm32f0xx_hal_i2c.o ABSOLUTE
    ..\Drivers\STM32F0xx_HAL_Driver\Src\stm32f0xx_hal_i2c_ex.c 0x00000000   Number         0  stm32f0xx_hal_i2c_ex.o ABSOLUTE
    ..\Drivers\STM32F0xx_HAL_Driver\Src\stm32f0xx_hal_pwr.c 0x00000000   Number         0  stm32f0xx_hal_pwr.o ABSOLUTE
    ..\Drivers\STM32F0xx_HAL_Driver\Src\stm32f0xx_hal_pwr_ex.c 0x00000000   Number         0  stm32f0xx_hal_pwr_ex.o ABSOLUTE
    ..\Drivers\STM32F0xx_HAL_Driver\Src\stm32f0xx_hal_rcc.c 0x00000000   Number         0  stm32f0xx_hal_rcc.o ABSOLUTE
    ..\Drivers\STM32F0xx_HAL_Driver\Src\stm32f0xx_hal_rcc_ex.c 0x00000000   Number         0  stm32f0xx_hal_rcc_ex.o ABSOLUTE
    ..\Drivers\STM32F0xx_HAL_Driver\Src\stm32f0xx_hal_tim.c 0x00000000   Number         0  stm32f0xx_hal_tim.o ABSOLUTE
    ..\Drivers\STM32F0xx_HAL_Driver\Src\stm32f0xx_hal_tim_ex.c 0x00000000   Number         0  stm32f0xx_hal_tim_ex.o ABSOLUTE
    ..\Middlewares\Third_Party\FatFs\src\diskio.c 0x00000000   Number         0  diskio.o ABSOLUTE
    ..\Middlewares\Third_Party\FatFs\src\ff.c 0x00000000   Number         0  ff.o ABSOLUTE
    ..\Middlewares\Third_Party\FatFs\src\ff_gen_drv.c 0x00000000   Number         0  ff_gen_drv.o ABSOLUTE
    ..\Middlewares\Third_Party\FatFs\src\option\syscall.c 0x00000000   Number         0  syscall.o ABSOLUTE
    ..\Middlewares\Third_Party\FreeRTOS\Source\CMSIS_RTOS_V2\cmsis_os2.c 0x00000000   Number         0  cmsis_os2.o ABSOLUTE
    ..\Middlewares\Third_Party\FreeRTOS\Source\portable\RVDS\ARM_CM0\port.c 0x00000000   Number         0  port.o ABSOLUTE
    ..\Src\fatfs.c                           0x00000000   Number         0  fatfs.o ABSOLUTE
    ..\Src\freertos.c                        0x00000000   Number         0  freertos.o ABSOLUTE
    ..\Src\main.c                            0x00000000   Number         0  main.o ABSOLUTE
    ..\Src\stm32f0xx_hal_msp.c               0x00000000   Number         0  stm32f0xx_hal_msp.o ABSOLUTE
    ..\Src\stm32f0xx_hal_timebase_tim.c      0x00000000   Number         0  stm32f0xx_hal_timebase_tim.o ABSOLUTE
    ..\Src\stm32f0xx_it.c                    0x00000000   Number         0  stm32f0xx_it.o ABSOLUTE
    ..\Src\system_stm32f0xx.c                0x00000000   Number         0  system_stm32f0xx.o ABSOLUTE
    ..\Src\user_diskio.c                     0x00000000   Number         0  user_diskio.o ABSOLUTE
    dc.s                                     0x00000000   Number         0  dc.o ABSOLUTE
    handlers.s                               0x00000000   Number         0  handlers.o ABSOLUTE
    init.s                                   0x00000000   Number         0  init.o ABSOLUTE
    startup_stm32f030xc.s                    0x00000000   Number         0  startup_stm32f030xc.o ABSOLUTE
    RESET                                    0x08000000   Section      184  startup_stm32f030xc.o(RESET)
    .ARM.Collect$$$$00000000                 0x080000b8   Section        0  entry.o(.ARM.Collect$$$$00000000)
    .ARM.Collect$$$$00000001                 0x080000b8   Section        4  entry2.o(.ARM.Collect$$$$00000001)
    .ARM.Collect$$$$00000004                 0x080000bc   Section        4  entry5.o(.ARM.Collect$$$$00000004)
    .ARM.Collect$$$$00000008                 0x080000c0   Section        0  entry7b.o(.ARM.Collect$$$$00000008)
    .ARM.Collect$$$$0000000A                 0x080000c0   Section        0  entry8b.o(.ARM.Collect$$$$0000000A)
    .ARM.Collect$$$$0000000B                 0x080000c0   Section        8  entry9a.o(.ARM.Collect$$$$0000000B)
    .ARM.Collect$$$$0000000D                 0x080000c8   Section        0  entry10a.o(.ARM.Collect$$$$0000000D)
    .ARM.Collect$$$$0000000F                 0x080000c8   Section        0  entry11a.o(.ARM.Collect$$$$0000000F)
    .ARM.Collect$$$$00002712                 0x080000c8   Section        4  entry2.o(.ARM.Collect$$$$00002712)
    __lit__00000000                          0x080000c8   Data           4  entry2.o(.ARM.Collect$$$$00002712)
    .emb_text                                0x080000cc   Section      120  port.o(.emb_text)
    .text                                    0x08000144   Section       28  startup_stm32f030xc.o(.text)
    .text                                    0x08000160   Section        0  uidiv.o(.text)
    .text                                    0x0800018c   Section        0  uldiv.o(.text)
    .text                                    0x080001ec   Section        0  llushr.o(.text)
    .text                                    0x0800020e   Section        0  memcpya.o(.text)
    .text                                    0x08000232   Section        0  memseta.o(.text)
    .text                                    0x08000256   Section        0  llshl.o(.text)
    .text                                    0x08000278   Section       36  init.o(.text)
    i.FATFS_LinkDriver                       0x0800029c   Section        0  ff_gen_drv.o(i.FATFS_LinkDriver)
    i.FATFS_LinkDriverEx                     0x080002a8   Section        0  ff_gen_drv.o(i.FATFS_LinkDriverEx)
    i.HAL_GetTick                            0x080002e8   Section        0  stm32f0xx_hal.o(i.HAL_GetTick)
    i.HAL_IncTick                            0x080002f4   Section        0  stm32f0xx_hal.o(i.HAL_IncTick)
    i.HAL_Init                               0x08000304   Section        0  stm32f0xx_hal.o(i.HAL_Init)
    i.HAL_InitTick                           0x08000324   Section        0  stm32f0xx_hal_timebase_tim.o(i.HAL_InitTick)
    i.HAL_MspInit                            0x0800039c   Section        0  stm32f0xx_hal_msp.o(i.HAL_MspInit)
    i.HAL_NVIC_EnableIRQ                     0x080003cc   Section        0  stm32f0xx_hal_cortex.o(i.HAL_NVIC_EnableIRQ)
    i.HAL_NVIC_SetPriority                   0x080003e4   Section        0  stm32f0xx_hal_cortex.o(i.HAL_NVIC_SetPriority)
    i.HAL_RCC_ClockConfig                    0x080003ec   Section        0  stm32f0xx_hal_rcc.o(i.HAL_RCC_ClockConfig)
    i.HAL_RCC_GetClockConfig                 0x080004f4   Section        0  stm32f0xx_hal_rcc.o(i.HAL_RCC_GetClockConfig)
    i.HAL_RCC_GetPCLK1Freq                   0x0800052c   Section        0  stm32f0xx_hal_rcc.o(i.HAL_RCC_GetPCLK1Freq)
    i.HAL_RCC_GetSysClockFreq                0x0800054c   Section        0  stm32f0xx_hal_rcc.o(i.HAL_RCC_GetSysClockFreq)
    i.HAL_RCC_OscConfig                      0x080005c0   Section        0  stm32f0xx_hal_rcc.o(i.HAL_RCC_OscConfig)
    i.HAL_TIMEx_BreakCallback                0x08000944   Section        0  stm32f0xx_hal_tim_ex.o(i.HAL_TIMEx_BreakCallback)
    i.HAL_TIMEx_CommutCallback               0x08000946   Section        0  stm32f0xx_hal_tim_ex.o(i.HAL_TIMEx_CommutCallback)
    i.HAL_TIM_Base_Init                      0x08000948   Section        0  stm32f0xx_hal_tim.o(i.HAL_TIM_Base_Init)
    i.HAL_TIM_Base_MspInit                   0x08000990   Section        0  stm32f0xx_hal_tim.o(i.HAL_TIM_Base_MspInit)
    i.HAL_TIM_Base_Start_IT                  0x08000994   Section        0  stm32f0xx_hal_tim.o(i.HAL_TIM_Base_Start_IT)
    i.HAL_TIM_IC_CaptureCallback             0x080009e4   Section        0  stm32f0xx_hal_tim.o(i.HAL_TIM_IC_CaptureCallback)
    i.HAL_TIM_IRQHandler                     0x080009e6   Section        0  stm32f0xx_hal_tim.o(i.HAL_TIM_IRQHandler)
    i.HAL_TIM_OC_DelayElapsedCallback        0x08000b48   Section        0  stm32f0xx_hal_tim.o(i.HAL_TIM_OC_DelayElapsedCallback)
    i.HAL_TIM_PWM_PulseFinishedCallback      0x08000b4a   Section        0  stm32f0xx_hal_tim.o(i.HAL_TIM_PWM_PulseFinishedCallback)
    i.HAL_TIM_PeriodElapsedCallback          0x08000b4c   Section        0  main.o(i.HAL_TIM_PeriodElapsedCallback)
    i.HAL_TIM_TriggerCallback                0x08000b60   Section        0  stm32f0xx_hal_tim.o(i.HAL_TIM_TriggerCallback)
    i.HardFault_Handler                      0x08000b62   Section        0  stm32f0xx_it.o(i.HardFault_Handler)
    i.MX_FATFS_Init                          0x08000b64   Section        0  fatfs.o(i.MX_FATFS_Init)
    i.NMI_Handler                            0x08000b80   Section        0  stm32f0xx_it.o(i.NMI_Handler)
    i.SVC_Handler                            0x08000b82   Section        0  port.o(i.SVC_Handler)
    i.StartDefaultTask                       0x08000b84   Section        0  main.o(i.StartDefaultTask)
    i.SysTick_Handler                        0x08000b8c   Section        0  port.o(i.SysTick_Handler)
    i.SystemClock_Config                     0x08000bb0   Section        0  main.o(i.SystemClock_Config)
    i.SystemInit                             0x08000bf0   Section        0  system_stm32f0xx.o(i.SystemInit)
    i.TIM1_BRK_UP_TRG_COM_IRQHandler         0x08000bf4   Section        0  stm32f0xx_it.o(i.TIM1_BRK_UP_TRG_COM_IRQHandler)
    i.TIM_Base_SetConfig                     0x08000c04   Section        0  stm32f0xx_hal_tim.o(i.TIM_Base_SetConfig)
    i.USER_initialize                        0x08000c8c   Section        0  user_diskio.o(i.USER_initialize)
    i.USER_ioctl                             0x08000c9c   Section        0  user_diskio.o(i.USER_ioctl)
    i.USER_read                              0x08000ca0   Section        0  user_diskio.o(i.USER_read)
    i.USER_status                            0x08000ca4   Section        0  user_diskio.o(i.USER_status)
    i.USER_write                             0x08000cb4   Section        0  user_diskio.o(i.USER_write)
    i.__ARM_common_ll_muluu                  0x08000cb8   Section        0  stm32f0xx_hal_rcc.o(i.__ARM_common_ll_muluu)
    i.__ARM_common_switch8                   0x08000ce8   Section        0  stm32f0xx_hal_dma.o(i.__ARM_common_switch8)
    i.__NVIC_SetPriority                     0x08000d04   Section        0  stm32f0xx_hal_cortex.o(i.__NVIC_SetPriority)
    __NVIC_SetPriority                       0x08000d05   Thumb Code    60  stm32f0xx_hal_cortex.o(i.__NVIC_SetPriority)
    i.__scatterload_copy                     0x08000d48   Section       14  handlers.o(i.__scatterload_copy)
    i.__scatterload_null                     0x08000d56   Section        2  handlers.o(i.__scatterload_null)
    i.__scatterload_zeroinit                 0x08000d58   Section       14  handlers.o(i.__scatterload_zeroinit)
    i.main                                   0x08000d68   Section        0  main.o(i.main)
    i.osDelay                                0x08000d98   Section        0  cmsis_os2.o(i.osDelay)
    i.osKernelInitialize                     0x08000dcc   Section        0  cmsis_os2.o(i.osKernelInitialize)
    i.osKernelStart                          0x08000e00   Section        0  cmsis_os2.o(i.osKernelStart)
    i.osThreadNew                            0x08000e3c   Section        0  cmsis_os2.o(i.osThreadNew)
    i.prvAddCurrentTaskToDelayedList         0x08000eec   Section        0  tasks.o(i.prvAddCurrentTaskToDelayedList)
    prvAddCurrentTaskToDelayedList           0x08000eed   Thumb Code    78  tasks.o(i.prvAddCurrentTaskToDelayedList)
    i.prvAddNewTaskToReadyList               0x08000f44   Section        0  tasks.o(i.prvAddNewTaskToReadyList)
    prvAddNewTaskToReadyList                 0x08000f45   Thumb Code   174  tasks.o(i.prvAddNewTaskToReadyList)
    i.prvCheckForValidListAndQueue           0x08001000   Section        0  timers.o(i.prvCheckForValidListAndQueue)
    prvCheckForValidListAndQueue             0x08001001   Thumb Code    74  timers.o(i.prvCheckForValidListAndQueue)
    i.prvCopyDataFromQueue                   0x0800105c   Section        0  queue.o(i.prvCopyDataFromQueue)
    prvCopyDataFromQueue                     0x0800105d   Thumb Code    38  queue.o(i.prvCopyDataFromQueue)
    i.prvCopyDataToQueue                     0x08001082   Section        0  queue.o(i.prvCopyDataToQueue)
    prvCopyDataToQueue                       0x08001083   Thumb Code   112  queue.o(i.prvCopyDataToQueue)
    i.prvDeleteTCB                           0x080010f2   Section        0  tasks.o(i.prvDeleteTCB)
    prvDeleteTCB                             0x080010f3   Thumb Code    38  tasks.o(i.prvDeleteTCB)
    i.prvHeapInit                            0x08001118   Section        0  heap_4.o(i.prvHeapInit)
    prvHeapInit                              0x08001119   Thumb Code    60  heap_4.o(i.prvHeapInit)
    i.prvIdleTask                            0x0800115c   Section        0  tasks.o(i.prvIdleTask)
    prvIdleTask                              0x0800115d   Thumb Code    62  tasks.o(i.prvIdleTask)
    i.prvInitialiseNewQueue                  0x080011a8   Section        0  queue.o(i.prvInitialiseNewQueue)
    prvInitialiseNewQueue                    0x080011a9   Thumb Code    34  queue.o(i.prvInitialiseNewQueue)
    i.prvInitialiseNewTask                   0x080011ca   Section        0  tasks.o(i.prvInitialiseNewTask)
    prvInitialiseNewTask                     0x080011cb   Thumb Code   136  tasks.o(i.prvInitialiseNewTask)
    i.prvInsertBlockIntoFreeList             0x08001254   Section        0  heap_4.o(i.prvInsertBlockIntoFreeList)
    prvInsertBlockIntoFreeList               0x08001255   Thumb Code    72  heap_4.o(i.prvInsertBlockIntoFreeList)
    i.prvInsertTimerInActiveList             0x080012a0   Section        0  timers.o(i.prvInsertTimerInActiveList)
    prvInsertTimerInActiveList               0x080012a1   Thumb Code    52  timers.o(i.prvInsertTimerInActiveList)
    i.prvIsQueueEmpty                        0x080012d8   Section        0  queue.o(i.prvIsQueueEmpty)
    prvIsQueueEmpty                          0x080012d9   Thumb Code    28  queue.o(i.prvIsQueueEmpty)
    i.prvProcessReceivedCommands             0x080012f4   Section        0  timers.o(i.prvProcessReceivedCommands)
    prvProcessReceivedCommands               0x080012f5   Thumb Code   184  timers.o(i.prvProcessReceivedCommands)
    i.prvProcessTimerOrBlockTask             0x080013b0   Section        0  timers.o(i.prvProcessTimerOrBlockTask)
    prvProcessTimerOrBlockTask               0x080013b1   Thumb Code   152  timers.o(i.prvProcessTimerOrBlockTask)
    i.prvResetNextTaskUnblockTime            0x0800144c   Section        0  tasks.o(i.prvResetNextTaskUnblockTime)
    prvResetNextTaskUnblockTime              0x0800144d   Thumb Code    28  tasks.o(i.prvResetNextTaskUnblockTime)
    i.prvSampleTimeNow                       0x0800146c   Section        0  timers.o(i.prvSampleTimeNow)
    prvSampleTimeNow                         0x0800146d   Thumb Code    36  timers.o(i.prvSampleTimeNow)
    i.prvSwitchTimerLists                    0x08001494   Section        0  timers.o(i.prvSwitchTimerLists)
    prvSwitchTimerLists                      0x08001495   Thumb Code    92  timers.o(i.prvSwitchTimerLists)
    i.prvTaskExitError                       0x080014f4   Section        0  port.o(i.prvTaskExitError)
    prvTaskExitError                         0x080014f5   Thumb Code    14  port.o(i.prvTaskExitError)
    i.prvTimerTask                           0x08001508   Section        0  timers.o(i.prvTimerTask)
    prvTimerTask                             0x08001509   Thumb Code    32  timers.o(i.prvTimerTask)
    i.prvUnlockQueue                         0x0800152c   Section        0  queue.o(i.prvUnlockQueue)
    prvUnlockQueue                           0x0800152d   Thumb Code   112  queue.o(i.prvUnlockQueue)
    i.pvPortMalloc                           0x0800159c   Section        0  heap_4.o(i.pvPortMalloc)
    i.pxPortInitialiseStack                  0x0800164c   Section        0  port.o(i.pxPortInitialiseStack)
    i.uxListRemove                           0x0800166c   Section        0  list.o(i.uxListRemove)
    i.vApplicationGetIdleTaskMemory          0x08001694   Section        0  cmsis_os2.o(i.vApplicationGetIdleTaskMemory)
    i.vApplicationGetTimerTaskMemory         0x080016a8   Section        0  cmsis_os2.o(i.vApplicationGetTimerTaskMemory)
    i.vListInitialise                        0x080016c0   Section        0  list.o(i.vListInitialise)
    i.vListInitialiseItem                    0x080016d6   Section        0  list.o(i.vListInitialiseItem)
    i.vListInsert                            0x080016dc   Section        0  list.o(i.vListInsert)
    i.vListInsertEnd                         0x0800170c   Section        0  list.o(i.vListInsertEnd)
    i.vPortEnterCritical                     0x08001724   Section        0  port.o(i.vPortEnterCritical)
    i.vPortExitCritical                      0x0800173c   Section        0  port.o(i.vPortExitCritical)
    i.vPortFree                              0x08001758   Section        0  heap_4.o(i.vPortFree)
    i.vPortYield                             0x0800179c   Section        0  port.o(i.vPortYield)
    i.vQueueAddToRegistry                    0x080017b4   Section        0  queue.o(i.vQueueAddToRegistry)
    i.vQueueWaitForMessageRestricted         0x080017d8   Section        0  queue.o(i.vQueueWaitForMessageRestricted)
    i.vTaskDelay                             0x0800181c   Section        0  tasks.o(i.vTaskDelay)
    i.vTaskInternalSetTimeOutState           0x0800184c   Section        0  tasks.o(i.vTaskInternalSetTimeOutState)
    i.vTaskMissedYield                       0x0800185c   Section        0  tasks.o(i.vTaskMissedYield)
    i.vTaskPlaceOnEventList                  0x08001868   Section        0  tasks.o(i.vTaskPlaceOnEventList)
    i.vTaskPlaceOnEventListRestricted        0x0800188c   Section        0  tasks.o(i.vTaskPlaceOnEventListRestricted)
    i.vTaskStartScheduler                    0x080018bc   Section        0  tasks.o(i.vTaskStartScheduler)
    i.vTaskSuspendAll                        0x08001924   Section        0  tasks.o(i.vTaskSuspendAll)
    i.vTaskSwitchContext                     0x08001934   Section        0  tasks.o(i.vTaskSwitchContext)
    i.xPortStartScheduler                    0x0800198c   Section        0  port.o(i.xPortStartScheduler)
    i.xQueueGenericCreateStatic              0x080019dc   Section        0  queue.o(i.xQueueGenericCreateStatic)
    i.xQueueGenericReset                     0x08001a1c   Section        0  queue.o(i.xQueueGenericReset)
    i.xQueueGenericSend                      0x08001a88   Section        0  queue.o(i.xQueueGenericSend)
    i.xQueueGenericSendFromISR               0x08001ba0   Section        0  queue.o(i.xQueueGenericSendFromISR)
    i.xQueueReceive                          0x08001c2c   Section        0  queue.o(i.xQueueReceive)
    i.xTaskCheckForTimeOut                   0x08001d30   Section        0  tasks.o(i.xTaskCheckForTimeOut)
    i.xTaskCreate                            0x08001d8c   Section        0  tasks.o(i.xTaskCreate)
    i.xTaskCreateStatic                      0x08001dde   Section        0  tasks.o(i.xTaskCreateStatic)
    i.xTaskGetSchedulerState                 0x08001e24   Section        0  tasks.o(i.xTaskGetSchedulerState)
    i.xTaskGetTickCount                      0x08001e44   Section        0  tasks.o(i.xTaskGetTickCount)
    i.xTaskIncrementTick                     0x08001e50   Section        0  tasks.o(i.xTaskIncrementTick)
    i.xTaskPriorityDisinherit                0x08001f0c   Section        0  tasks.o(i.xTaskPriorityDisinherit)
    i.xTaskRemoveFromEventList               0x08001f74   Section        0  tasks.o(i.xTaskRemoveFromEventList)
    i.xTaskResumeAll                         0x08001fd8   Section        0  tasks.o(i.xTaskResumeAll)
    i.xTimerCreateTimerTask                  0x08002088   Section        0  timers.o(i.xTimerCreateTimerTask)
    i.xTimerGenericCommand                   0x080020e0   Section        0  timers.o(i.xTimerGenericCommand)
    .constdata                               0x08002134   Section       36  main.o(.constdata)
    .constdata                               0x08002158   Section       16  system_stm32f0xx.o(.constdata)
    .constdata                               0x08002168   Section        8  system_stm32f0xx.o(.constdata)
    .conststring                             0x08002170   Section       12  main.o(.conststring)
    .data                                    0x20000000   Section        4  main.o(.data)
    .data                                    0x20000004   Section        1  user_diskio.o(.data)
    Stat                                     0x20000004   Data           1  user_diskio.o(.data)
    .data                                    0x20000008   Section       20  user_diskio.o(.data)
    .data                                    0x2000001c   Section        5  fatfs.o(.data)
    .data                                    0x20000024   Section       12  stm32f0xx_hal.o(.data)
    .data                                    0x20000030   Section        4  system_stm32f0xx.o(.data)
    .data                                    0x20000034   Section       60  tasks.o(.data)
    pxDelayedTaskList                        0x20000038   Data           4  tasks.o(.data)
    pxOverflowDelayedTaskList                0x2000003c   Data           4  tasks.o(.data)
    uxDeletedTasksWaitingCleanUp             0x20000040   Data           4  tasks.o(.data)
    uxCurrentNumberOfTasks                   0x20000044   Data           4  tasks.o(.data)
    xTickCount                               0x20000048   Data           4  tasks.o(.data)
    uxTopReadyPriority                       0x2000004c   Data           4  tasks.o(.data)
    xSchedulerRunning                        0x20000050   Data           4  tasks.o(.data)
    uxPendedTicks                            0x20000054   Data           4  tasks.o(.data)
    xYieldPending                            0x20000058   Data           4  tasks.o(.data)
    xNumOfOverflows                          0x2000005c   Data           4  tasks.o(.data)
    uxTaskNumber                             0x20000060   Data           4  tasks.o(.data)
    xNextTaskUnblockTime                     0x20000064   Data           4  tasks.o(.data)
    xIdleTaskHandle                          0x20000068   Data           4  tasks.o(.data)
    uxSchedulerSuspended                     0x2000006c   Data           4  tasks.o(.data)
    .data                                    0x20000070   Section       20  timers.o(.data)
    pxCurrentTimerList                       0x20000070   Data           4  timers.o(.data)
    pxOverflowTimerList                      0x20000074   Data           4  timers.o(.data)
    xTimerQueue                              0x20000078   Data           4  timers.o(.data)
    xTimerTaskHandle                         0x2000007c   Data           4  timers.o(.data)
    xLastTime                                0x20000080   Data           4  timers.o(.data)
    .data                                    0x20000084   Section        4  cmsis_os2.o(.data)
    KernelState                              0x20000084   Data           4  cmsis_os2.o(.data)
    .data                                    0x20000088   Section       24  heap_4.o(.data)
    pxEnd                                    0x20000088   Data           4  heap_4.o(.data)
    xFreeBytesRemaining                      0x2000008c   Data           4  heap_4.o(.data)
    xMinimumEverFreeBytesRemaining           0x20000090   Data           4  heap_4.o(.data)
    xBlockAllocatedBit                       0x20000094   Data           4  heap_4.o(.data)
    xStart                                   0x20000098   Data           8  heap_4.o(.data)
    .data                                    0x200000a0   Section        4  port.o(.data)
    uxCriticalNesting                        0x200000a0   Data           4  port.o(.data)
    .bss                                     0x200000a4   Section       72  stm32f0xx_hal_timebase_tim.o(.bss)
    .bss                                     0x200000ec   Section       12  ff_gen_drv.o(.bss)
    .bss                                     0x200000f8   Section       64  queue.o(.bss)
    .bss                                     0x20000138   Section     1220  tasks.o(.bss)
    pxReadyTasksLists                        0x20000138   Data        1120  tasks.o(.bss)
    xDelayedTaskList1                        0x20000598   Data          20  tasks.o(.bss)
    xDelayedTaskList2                        0x200005ac   Data          20  tasks.o(.bss)
    xPendingReadyList                        0x200005c0   Data          20  tasks.o(.bss)
    xTasksWaitingTermination                 0x200005d4   Data          20  tasks.o(.bss)
    xSuspendedTaskList                       0x200005e8   Data          20  tasks.o(.bss)
    .bss                                     0x200005fc   Section      280  timers.o(.bss)
    xActiveTimerList1                        0x200005fc   Data          20  timers.o(.bss)
    xActiveTimerList2                        0x20000610   Data          20  timers.o(.bss)
    xStaticTimerQueue                        0x20000624   Data          80  timers.o(.bss)
    ucStaticTimerQueueStorage                0x20000674   Data         160  timers.o(.bss)
    .bss                                     0x20000714   Section     1720  cmsis_os2.o(.bss)
    Idle_TCB                                 0x20000714   Data          92  cmsis_os2.o(.bss)
    Idle_Stack                               0x20000770   Data         512  cmsis_os2.o(.bss)
    Timer_TCB                                0x20000970   Data          92  cmsis_os2.o(.bss)
    Timer_Stack                              0x200009cc   Data        1024  cmsis_os2.o(.bss)
    .bss                                     0x20000dcc   Section     3072  heap_4.o(.bss)
    ucHeap                                   0x20000dcc   Data        3072  heap_4.o(.bss)
    STACK                                    0x200019d0   Section     1024  startup_stm32f030xc.o(STACK)

    Global Symbols

    Symbol Name                              Value     Ov Type        Size  Object(Section)

    BuildAttributes$$THM_ISAv3M$S$PE$A:L22$X:L11$S22$IEEE1$IW$USESV6$~STKCKD$USESV7$~SHL$OSPACE$EBA8$MICROLIB$REQ8$PRES8$EABIv2 0x00000000   Number         0  anon$$obj.o ABSOLUTE
    __ARM_use_no_argv                        0x00000000   Number         0  main.o ABSOLUTE
    __cpp_initialize__aeabi_                  - Undefined Weak Reference
    __cxa_finalize                            - Undefined Weak Reference
    __decompress                              - Undefined Weak Reference
    _clock_init                               - Undefined Weak Reference
    _microlib_exit                            - Undefined Weak Reference
    __Vectors_Size                           0x000000b8   Number         0  startup_stm32f030xc.o ABSOLUTE
    __Vectors                                0x08000000   Data           4  startup_stm32f030xc.o(RESET)
    __Vectors_End                            0x080000b8   Data           0  startup_stm32f030xc.o(RESET)
    __main                                   0x080000b9   Thumb Code     0  entry.o(.ARM.Collect$$$$00000000)
    _main_stk                                0x080000b9   Thumb Code     0  entry2.o(.ARM.Collect$$$$00000001)
    _main_scatterload                        0x080000bd   Thumb Code     0  entry5.o(.ARM.Collect$$$$00000004)
    __main_after_scatterload                 0x080000c1   Thumb Code     0  entry5.o(.ARM.Collect$$$$00000004)
    _main_clock                              0x080000c1   Thumb Code     0  entry7b.o(.ARM.Collect$$$$00000008)
    _main_cpp_init                           0x080000c1   Thumb Code     0  entry8b.o(.ARM.Collect$$$$0000000A)
    _main_init                               0x080000c1   Thumb Code     0  entry9a.o(.ARM.Collect$$$$0000000B)
    __rt_final_cpp                           0x080000c9   Thumb Code     0  entry10a.o(.ARM.Collect$$$$0000000D)
    __rt_final_exit                          0x080000c9   Thumb Code     0  entry11a.o(.ARM.Collect$$$$0000000F)
    __asm___6_port_c_39a90d8d__prvPortStartFirstTask 0x080000cd   Thumb Code    36  port.o(.emb_text)
    ulSetInterruptMaskFromISR                0x080000f5   Thumb Code     8  port.o(.emb_text)
    vClearInterruptMaskFromISR               0x080000fd   Thumb Code     6  port.o(.emb_text)
    PendSV_Handler                           0x08000103   Thumb Code    62  port.o(.emb_text)
    Reset_Handler                            0x08000145   Thumb Code     8  startup_stm32f030xc.o(.text)
    ADC1_IRQHandler                          0x08000157   Thumb Code     0  startup_stm32f030xc.o(.text)
    DMA1_Channel1_IRQHandler                 0x08000157   Thumb Code     0  startup_stm32f030xc.o(.text)
    DMA1_Channel2_3_IRQHandler               0x08000157   Thumb Code     0  startup_stm32f030xc.o(.text)
    DMA1_Channel4_5_IRQHandler               0x08000157   Thumb Code     0  startup_stm32f030xc.o(.text)
    EXTI0_1_IRQHandler                       0x08000157   Thumb Code     0  startup_stm32f030xc.o(.text)
    EXTI2_3_IRQHandler                       0x08000157   Thumb Code     0  startup_stm32f030xc.o(.text)
    EXTI4_15_IRQHandler                      0x08000157   Thumb Code     0  startup_stm32f030xc.o(.text)
    FLASH_IRQHandler                         0x08000157   Thumb Code     0  startup_stm32f030xc.o(.text)
    I2C1_IRQHandler                          0x08000157   Thumb Code     0  startup_stm32f030xc.o(.text)
    I2C2_IRQHandler                          0x08000157   Thumb Code     0  startup_stm32f030xc.o(.text)
    RCC_IRQHandler                           0x08000157   Thumb Code     0  startup_stm32f030xc.o(.text)
    RTC_IRQHandler                           0x08000157   Thumb Code     0  startup_stm32f030xc.o(.text)
    SPI1_IRQHandler                          0x08000157   Thumb Code     0  startup_stm32f030xc.o(.text)
    SPI2_IRQHandler                          0x08000157   Thumb Code     0  startup_stm32f030xc.o(.text)
    TIM14_IRQHandler                         0x08000157   Thumb Code     0  startup_stm32f030xc.o(.text)
    TIM15_IRQHandler                         0x08000157   Thumb Code     0  startup_stm32f030xc.o(.text)
    TIM16_IRQHandler                         0x08000157   Thumb Code     0  startup_stm32f030xc.o(.text)
    TIM17_IRQHandler                         0x08000157   Thumb Code     0  startup_stm32f030xc.o(.text)
    TIM1_CC_IRQHandler                       0x08000157   Thumb Code     0  startup_stm32f030xc.o(.text)
    TIM3_IRQHandler                          0x08000157   Thumb Code     0  startup_stm32f030xc.o(.text)
    TIM6_IRQHandler                          0x08000157   Thumb Code     0  startup_stm32f030xc.o(.text)
    TIM7_IRQHandler                          0x08000157   Thumb Code     0  startup_stm32f030xc.o(.text)
    USART1_IRQHandler                        0x08000157   Thumb Code     0  startup_stm32f030xc.o(.text)
    USART2_IRQHandler                        0x08000157   Thumb Code     0  startup_stm32f030xc.o(.text)
    USART3_6_IRQHandler                      0x08000157   Thumb Code     0  startup_stm32f030xc.o(.text)
    WWDG_IRQHandler                          0x08000157   Thumb Code     0  startup_stm32f030xc.o(.text)
    __aeabi_uidiv                            0x08000161   Thumb Code     0  uidiv.o(.text)
    __aeabi_uidivmod                         0x08000161   Thumb Code    44  uidiv.o(.text)
    __aeabi_uldivmod                         0x0800018d   Thumb Code    96  uldiv.o(.text)
    __aeabi_llsr                             0x080001ed   Thumb Code    34  llushr.o(.text)
    _ll_ushift_r                             0x080001ed   Thumb Code     0  llushr.o(.text)
    __aeabi_memcpy                           0x0800020f   Thumb Code    36  memcpya.o(.text)
    __aeabi_memcpy4                          0x0800020f   Thumb Code     0  memcpya.o(.text)
    __aeabi_memcpy8                          0x0800020f   Thumb Code     0  memcpya.o(.text)
    __aeabi_memset                           0x08000233   Thumb Code    14  memseta.o(.text)
    __aeabi_memset4                          0x08000233   Thumb Code     0  memseta.o(.text)
    __aeabi_memset8                          0x08000233   Thumb Code     0  memseta.o(.text)
    __aeabi_memclr                           0x08000241   Thumb Code     4  memseta.o(.text)
    __aeabi_memclr4                          0x08000241   Thumb Code     0  memseta.o(.text)
    __aeabi_memclr8                          0x08000241   Thumb Code     0  memseta.o(.text)
    memset                                   0x08000245   Thumb Code    18  memseta.o(.text)
    __aeabi_llsl                             0x08000257   Thumb Code    32  llshl.o(.text)
    _ll_shift_l                              0x08000257   Thumb Code     0  llshl.o(.text)
    __scatterload                            0x08000279   Thumb Code    28  init.o(.text)
    __scatterload_rt2                        0x08000279   Thumb Code     0  init.o(.text)
    FATFS_LinkDriver                         0x0800029d   Thumb Code    10  ff_gen_drv.o(i.FATFS_LinkDriver)
    FATFS_LinkDriverEx                       0x080002a9   Thumb Code    60  ff_gen_drv.o(i.FATFS_LinkDriverEx)
    HAL_GetTick                              0x080002e9   Thumb Code     6  stm32f0xx_hal.o(i.HAL_GetTick)
    HAL_IncTick                              0x080002f5   Thumb Code    12  stm32f0xx_hal.o(i.HAL_IncTick)
    HAL_Init                                 0x08000305   Thumb Code    26  stm32f0xx_hal.o(i.HAL_Init)
    HAL_InitTick                             0x08000325   Thumb Code    98  stm32f0xx_hal_timebase_tim.o(i.HAL_InitTick)
    HAL_MspInit                              0x0800039d   Thumb Code    44  stm32f0xx_hal_msp.o(i.HAL_MspInit)
    HAL_NVIC_EnableIRQ                       0x080003cd   Thumb Code    18  stm32f0xx_hal_cortex.o(i.HAL_NVIC_EnableIRQ)
    HAL_NVIC_SetPriority                     0x080003e5   Thumb Code     8  stm32f0xx_hal_cortex.o(i.HAL_NVIC_SetPriority)
    HAL_RCC_ClockConfig                      0x080003ed   Thumb Code   242  stm32f0xx_hal_rcc.o(i.HAL_RCC_ClockConfig)
    HAL_RCC_GetClockConfig                   0x080004f5   Thumb Code    46  stm32f0xx_hal_rcc.o(i.HAL_RCC_GetClockConfig)
    HAL_RCC_GetPCLK1Freq                     0x0800052d   Thumb Code    20  stm32f0xx_hal_rcc.o(i.HAL_RCC_GetPCLK1Freq)
    HAL_RCC_GetSysClockFreq                  0x0800054d   Thumb Code    76  stm32f0xx_hal_rcc.o(i.HAL_RCC_GetSysClockFreq)
    HAL_RCC_OscConfig                        0x080005c1   Thumb Code   884  stm32f0xx_hal_rcc.o(i.HAL_RCC_OscConfig)
    HAL_TIMEx_BreakCallback                  0x08000945   Thumb Code     2  stm32f0xx_hal_tim_ex.o(i.HAL_TIMEx_BreakCallback)
    HAL_TIMEx_CommutCallback                 0x08000947   Thumb Code     2  stm32f0xx_hal_tim_ex.o(i.HAL_TIMEx_CommutCallback)
    HAL_TIM_Base_Init                        0x08000949   Thumb Code    72  stm32f0xx_hal_tim.o(i.HAL_TIM_Base_Init)
    HAL_TIM_Base_MspInit                     0x08000991   Thumb Code     2  stm32f0xx_hal_tim.o(i.HAL_TIM_Base_MspInit)
    HAL_TIM_Base_Start_IT                    0x08000995   Thumb Code    68  stm32f0xx_hal_tim.o(i.HAL_TIM_Base_Start_IT)
    HAL_TIM_IC_CaptureCallback               0x080009e5   Thumb Code     2  stm32f0xx_hal_tim.o(i.HAL_TIM_IC_CaptureCallback)
    HAL_TIM_IRQHandler                       0x080009e7   Thumb Code   354  stm32f0xx_hal_tim.o(i.HAL_TIM_IRQHandler)
    HAL_TIM_OC_DelayElapsedCallback          0x08000b49   Thumb Code     2  stm32f0xx_hal_tim.o(i.HAL_TIM_OC_DelayElapsedCallback)
    HAL_TIM_PWM_PulseFinishedCallback        0x08000b4b   Thumb Code     2  stm32f0xx_hal_tim.o(i.HAL_TIM_PWM_PulseFinishedCallback)
    HAL_TIM_PeriodElapsedCallback            0x08000b4d   Thumb Code    16  main.o(i.HAL_TIM_PeriodElapsedCallback)
    HAL_TIM_TriggerCallback                  0x08000b61   Thumb Code     2  stm32f0xx_hal_tim.o(i.HAL_TIM_TriggerCallback)
    HardFault_Handler                        0x08000b63   Thumb Code     2  stm32f0xx_it.o(i.HardFault_Handler)
    MX_FATFS_Init                            0x08000b65   Thumb Code    18  fatfs.o(i.MX_FATFS_Init)
    NMI_Handler                              0x08000b81   Thumb Code     2  stm32f0xx_it.o(i.NMI_Handler)
    SVC_Handler                              0x08000b83   Thumb Code     2  port.o(i.SVC_Handler)
    StartDefaultTask                         0x08000b85   Thumb Code     8  main.o(i.StartDefaultTask)
    SysTick_Handler                          0x08000b8d   Thumb Code    32  port.o(i.SysTick_Handler)
    SystemClock_Config                       0x08000bb1   Thumb Code    64  main.o(i.SystemClock_Config)
    SystemInit                               0x08000bf1   Thumb Code     2  system_stm32f0xx.o(i.SystemInit)
    TIM1_BRK_UP_TRG_COM_IRQHandler           0x08000bf5   Thumb Code    10  stm32f0xx_it.o(i.TIM1_BRK_UP_TRG_COM_IRQHandler)
    TIM_Base_SetConfig                       0x08000c05   Thumb Code   112  stm32f0xx_hal_tim.o(i.TIM_Base_SetConfig)
    USER_initialize                          0x08000c8d   Thumb Code    10  user_diskio.o(i.USER_initialize)
    USER_ioctl                               0x08000c9d   Thumb Code     4  user_diskio.o(i.USER_ioctl)
    USER_read                                0x08000ca1   Thumb Code     4  user_diskio.o(i.USER_read)
    USER_status                              0x08000ca5   Thumb Code    10  user_diskio.o(i.USER_status)
    USER_write                               0x08000cb5   Thumb Code     4  user_diskio.o(i.USER_write)
    __ARM_common_ll_muluu                    0x08000cb9   Thumb Code    48  stm32f0xx_hal_rcc.o(i.__ARM_common_ll_muluu)
    __ARM_common_switch8                     0x08000ce9   Thumb Code    26  stm32f0xx_hal_dma.o(i.__ARM_common_switch8)
    __scatterload_copy                       0x08000d49   Thumb Code    14  handlers.o(i.__scatterload_copy)
    __scatterload_null                       0x08000d57   Thumb Code     2  handlers.o(i.__scatterload_null)
    __scatterload_zeroinit                   0x08000d59   Thumb Code    14  handlers.o(i.__scatterload_zeroinit)
    main                                     0x08000d69   Thumb Code    36  main.o(i.main)
    osDelay                                  0x08000d99   Thumb Code    46  cmsis_os2.o(i.osDelay)
    osKernelInitialize                       0x08000dcd   Thumb Code    48  cmsis_os2.o(i.osKernelInitialize)
    osKernelStart                            0x08000e01   Thumb Code    54  cmsis_os2.o(i.osKernelStart)
    osThreadNew                              0x08000e3d   Thumb Code   172  cmsis_os2.o(i.osThreadNew)
    pvPortMalloc                             0x0800159d   Thumb Code   172  heap_4.o(i.pvPortMalloc)
    pxPortInitialiseStack                    0x0800164d   Thumb Code    28  port.o(i.pxPortInitialiseStack)
    uxListRemove                             0x0800166d   Thumb Code    38  list.o(i.uxListRemove)
    vApplicationGetIdleTaskMemory            0x08001695   Thumb Code    16  cmsis_os2.o(i.vApplicationGetIdleTaskMemory)
    vApplicationGetTimerTaskMemory           0x080016a9   Thumb Code    18  cmsis_os2.o(i.vApplicationGetTimerTaskMemory)
    vListInitialise                          0x080016c1   Thumb Code    22  list.o(i.vListInitialise)
    vListInitialiseItem                      0x080016d7   Thumb Code     6  list.o(i.vListInitialiseItem)
    vListInsert                              0x080016dd   Thumb Code    48  list.o(i.vListInsert)
    vListInsertEnd                           0x0800170d   Thumb Code    24  list.o(i.vListInsertEnd)
    vPortEnterCritical                       0x08001725   Thumb Code    20  port.o(i.vPortEnterCritical)
    vPortExitCritical                        0x0800173d   Thumb Code    22  port.o(i.vPortExitCritical)
    vPortFree                                0x08001759   Thumb Code    62  heap_4.o(i.vPortFree)
    vPortYield                               0x0800179d   Thumb Code    18  port.o(i.vPortYield)
    vQueueAddToRegistry                      0x080017b5   Thumb Code    32  queue.o(i.vQueueAddToRegistry)
    vQueueWaitForMessageRestricted           0x080017d9   Thumb Code    68  queue.o(i.vQueueWaitForMessageRestricted)
    vTaskDelay                               0x0800181d   Thumb Code    44  tasks.o(i.vTaskDelay)
    vTaskInternalSetTimeOutState             0x0800184d   Thumb Code    12  tasks.o(i.vTaskInternalSetTimeOutState)
    vTaskMissedYield                         0x0800185d   Thumb Code     8  tasks.o(i.vTaskMissedYield)
    vTaskPlaceOnEventList                    0x08001869   Thumb Code    32  tasks.o(i.vTaskPlaceOnEventList)
    vTaskPlaceOnEventListRestricted          0x0800188d   Thumb Code    42  tasks.o(i.vTaskPlaceOnEventListRestricted)
    vTaskStartScheduler                      0x080018bd   Thumb Code    88  tasks.o(i.vTaskStartScheduler)
    vTaskSuspendAll                          0x08001925   Thumb Code    10  tasks.o(i.vTaskSuspendAll)
    vTaskSwitchContext                       0x08001935   Thumb Code    78  tasks.o(i.vTaskSwitchContext)
    xPortStartScheduler                      0x0800198d   Thumb Code    62  port.o(i.xPortStartScheduler)
    xQueueGenericCreateStatic                0x080019dd   Thumb Code    64  queue.o(i.xQueueGenericCreateStatic)
    xQueueGenericReset                       0x08001a1d   Thumb Code   108  queue.o(i.xQueueGenericReset)
    xQueueGenericSend                        0x08001a89   Thumb Code   280  queue.o(i.xQueueGenericSend)
    xQueueGenericSendFromISR                 0x08001ba1   Thumb Code   140  queue.o(i.xQueueGenericSendFromISR)
    xQueueReceive                            0x08001c2d   Thumb Code   258  queue.o(i.xQueueReceive)
    xTaskCheckForTimeOut                     0x08001d31   Thumb Code    86  tasks.o(i.xTaskCheckForTimeOut)
    xTaskCreate                              0x08001d8d   Thumb Code    82  tasks.o(i.xTaskCreate)
    xTaskCreateStatic                        0x08001ddf   Thumb Code    68  tasks.o(i.xTaskCreateStatic)
    xTaskGetSchedulerState                   0x08001e25   Thumb Code    26  tasks.o(i.xTaskGetSchedulerState)
    xTaskGetTickCount                        0x08001e45   Thumb Code     6  tasks.o(i.xTaskGetTickCount)
    xTaskIncrementTick                       0x08001e51   Thumb Code   180  tasks.o(i.xTaskIncrementTick)
    xTaskPriorityDisinherit                  0x08001f0d   Thumb Code    96  tasks.o(i.xTaskPriorityDisinherit)
    xTaskRemoveFromEventList                 0x08001f75   Thumb Code    88  tasks.o(i.xTaskRemoveFromEventList)
    xTaskResumeAll                           0x08001fd9   Thumb Code   162  tasks.o(i.xTaskResumeAll)
    xTimerCreateTimerTask                    0x08002089   Thumb Code    72  timers.o(i.xTimerCreateTimerTask)
    xTimerGenericCommand                     0x080020e1   Thumb Code    80  timers.o(i.xTimerGenericCommand)
    defaultTask_attributes                   0x08002134   Data          36  main.o(.constdata)
    AHBPrescTable                            0x08002158   Data          16  system_stm32f0xx.o(.constdata)
    APBPrescTable                            0x08002168   Data           8  system_stm32f0xx.o(.constdata)
    Region$$Table$$Base                      0x0800217c   Number         0  anon$$obj.o(Region$$Table)
    Region$$Table$$Limit                     0x0800219c   Number         0  anon$$obj.o(Region$$Table)
    defaultTaskHandle                        0x20000000   Data           4  main.o(.data)
    USER_Driver                              0x20000008   Data          20  user_diskio.o(.data)
    retUSER                                  0x2000001c   Data           1  fatfs.o(.data)
    USERPath                                 0x2000001d   Data           4  fatfs.o(.data)
    uwTickFreq                               0x20000024   Data           1  stm32f0xx_hal.o(.data)
    uwTickPrio                               0x20000028   Data           4  stm32f0xx_hal.o(.data)
    uwTick                                   0x2000002c   Data           4  stm32f0xx_hal.o(.data)
    SystemCoreClock                          0x20000030   Data           4  system_stm32f0xx.o(.data)
    pxCurrentTCB                             0x20000034   Data           4  tasks.o(.data)
    htim1                                    0x200000a4   Data          72  stm32f0xx_hal_timebase_tim.o(.bss)
    disk                                     0x200000ec   Data          12  ff_gen_drv.o(.bss)
    xQueueRegistry                           0x200000f8   Data          64  queue.o(.bss)
    __initial_sp                             0x20001dd0   Data           0  startup_stm32f030xc.o(STACK)



==============================================================================

Memory Map of the image

  Image Entry point : 0x080000b9

  Load Region LR_IROM1 (Base: 0x08000000, Size: 0x00002240, Max: 0x00040000, ABSOLUTE)

    Execution Region ER_IROM1 (Exec base: 0x08000000, Load base: 0x08000000, Size: 0x0000219c, Max: 0x00040000, ABSOLUTE)

    Exec Addr    Load Addr    Size         Type   Attr      Idx    E Section Name        Object

    0x08000000   0x08000000   0x000000b8   Data   RO            3    RESET               startup_stm32f030xc.o
    0x080000b8   0x080000b8   0x00000000   Code   RO         4793  * .ARM.Collect$$$$00000000  mc_p.l(entry.o)
    0x080000b8   0x080000b8   0x00000004   Code   RO         4812    .ARM.Collect$$$$00000001  mc_p.l(entry2.o)
    0x080000bc   0x080000bc   0x00000004   Code   RO         4815    .ARM.Collect$$$$00000004  mc_p.l(entry5.o)
    0x080000c0   0x080000c0   0x00000000   Code   RO         4817    .ARM.Collect$$$$00000008  mc_p.l(entry7b.o)
    0x080000c0   0x080000c0   0x00000000   Code   RO         4819    .ARM.Collect$$$$0000000A  mc_p.l(entry8b.o)
    0x080000c0   0x080000c0   0x00000008   Code   RO         4820    .ARM.Collect$$$$0000000B  mc_p.l(entry9a.o)
    0x080000c8   0x080000c8   0x00000000   Code   RO         4822    .ARM.Collect$$$$0000000D  mc_p.l(entry10a.o)
    0x080000c8   0x080000c8   0x00000000   Code   RO         4824    .ARM.Collect$$$$0000000F  mc_p.l(entry11a.o)
    0x080000c8   0x080000c8   0x00000004   Code   RO         4813    .ARM.Collect$$$$00002712  mc_p.l(entry2.o)
    0x080000cc   0x080000cc   0x00000078   Code   RO         4728    .emb_text           port.o
    0x08000144   0x08000144   0x0000001c   Code   RO            4    .text               startup_stm32f030xc.o
    0x08000160   0x08000160   0x0000002c   Code   RO         4796    .text               mc_p.l(uidiv.o)
    0x0800018c   0x0800018c   0x00000060   Code   RO         4798    .text               mc_p.l(uldiv.o)
    0x080001ec   0x080001ec   0x00000022   Code   RO         4800    .text               mc_p.l(llushr.o)
    0x0800020e   0x0800020e   0x00000024   Code   RO         4802    .text               mc_p.l(memcpya.o)
    0x08000232   0x08000232   0x00000024   Code   RO         4806    .text               mc_p.l(memseta.o)
    0x08000256   0x08000256   0x00000020   Code   RO         4826    .text               mc_p.l(llshl.o)
    0x08000276   0x08000276   0x00000002   PAD
    0x08000278   0x08000278   0x00000024   Code   RO         4828    .text               mc_p.l(init.o)
    0x0800029c   0x0800029c   0x0000000a   Code   RO         3162    i.FATFS_LinkDriver  ff_gen_drv.o
    0x080002a6   0x080002a6   0x00000002   PAD
    0x080002a8   0x080002a8   0x00000040   Code   RO         3163    i.FATFS_LinkDriverEx  ff_gen_drv.o
    0x080002e8   0x080002e8   0x0000000c   Code   RO          552    i.HAL_GetTick       stm32f0xx_hal.o
    0x080002f4   0x080002f4   0x00000010   Code   RO          558    i.HAL_IncTick       stm32f0xx_hal.o
    0x08000304   0x08000304   0x00000020   Code   RO          559    i.HAL_Init          stm32f0xx_hal.o
    0x08000324   0x08000324   0x00000078   Code   RO          382    i.HAL_InitTick      stm32f0xx_hal_timebase_tim.o
    0x0800039c   0x0800039c   0x00000030   Code   RO          362    i.HAL_MspInit       stm32f0xx_hal_msp.o
    0x080003cc   0x080003cc   0x00000018   Code   RO         1359    i.HAL_NVIC_EnableIRQ  stm32f0xx_hal_cortex.o
    0x080003e4   0x080003e4   0x00000008   Code   RO         1363    i.HAL_NVIC_SetPriority  stm32f0xx_hal_cortex.o
    0x080003ec   0x080003ec   0x00000108   Code   RO          418    i.HAL_RCC_ClockConfig  stm32f0xx_hal_rcc.o
    0x080004f4   0x080004f4   0x00000038   Code   RO          422    i.HAL_RCC_GetClockConfig  stm32f0xx_hal_rcc.o
    0x0800052c   0x0800052c   0x00000020   Code   RO          425    i.HAL_RCC_GetPCLK1Freq  stm32f0xx_hal_rcc.o
    0x0800054c   0x0800054c   0x00000074   Code   RO          426    i.HAL_RCC_GetSysClockFreq  stm32f0xx_hal_rcc.o
    0x080005c0   0x080005c0   0x00000384   Code   RO          429    i.HAL_RCC_OscConfig  stm32f0xx_hal_rcc.o
    0x08000944   0x08000944   0x00000002   Code   RO         2501    i.HAL_TIMEx_BreakCallback  stm32f0xx_hal_tim_ex.o
    0x08000946   0x08000946   0x00000002   Code   RO         2502    i.HAL_TIMEx_CommutCallback  stm32f0xx_hal_tim_ex.o
    0x08000948   0x08000948   0x00000048   Code   RO         1801    i.HAL_TIM_Base_Init  stm32f0xx_hal_tim.o
    0x08000990   0x08000990   0x00000002   Code   RO         1803    i.HAL_TIM_Base_MspInit  stm32f0xx_hal_tim.o
    0x08000992   0x08000992   0x00000002   PAD
    0x08000994   0x08000994   0x00000050   Code   RO         1806    i.HAL_TIM_Base_Start_IT  stm32f0xx_hal_tim.o
    0x080009e4   0x080009e4   0x00000002   Code   RO         1835    i.HAL_TIM_IC_CaptureCallback  stm32f0xx_hal_tim.o
    0x080009e6   0x080009e6   0x00000162   Code   RO         1849    i.HAL_TIM_IRQHandler  stm32f0xx_hal_tim.o
    0x08000b48   0x08000b48   0x00000002   Code   RO         1852    i.HAL_TIM_OC_DelayElapsedCallback  stm32f0xx_hal_tim.o
    0x08000b4a   0x08000b4a   0x00000002   Code   RO         1879    i.HAL_TIM_PWM_PulseFinishedCallback  stm32f0xx_hal_tim.o
    0x08000b4c   0x08000b4c   0x00000014   Code   RO           13    i.HAL_TIM_PeriodElapsedCallback  main.o
    0x08000b60   0x08000b60   0x00000002   Code   RO         1892    i.HAL_TIM_TriggerCallback  stm32f0xx_hal_tim.o
    0x08000b62   0x08000b62   0x00000002   Code   RO          326    i.HardFault_Handler  stm32f0xx_it.o
    0x08000b64   0x08000b64   0x0000001c   Code   RO          264    i.MX_FATFS_Init     fatfs.o
    0x08000b80   0x08000b80   0x00000002   Code   RO          327    i.NMI_Handler       stm32f0xx_it.o
    0x08000b82   0x08000b82   0x00000002   Code   RO         4729    i.SVC_Handler       port.o
    0x08000b84   0x08000b84   0x00000008   Code   RO           14    i.StartDefaultTask  main.o
    0x08000b8c   0x08000b8c   0x00000024   Code   RO         4730    i.SysTick_Handler   port.o
    0x08000bb0   0x08000bb0   0x00000040   Code   RO           15    i.SystemClock_Config  main.o
    0x08000bf0   0x08000bf0   0x00000002   Code   RO         2765    i.SystemInit        system_stm32f0xx.o
    0x08000bf2   0x08000bf2   0x00000002   PAD
    0x08000bf4   0x08000bf4   0x00000010   Code   RO          328    i.TIM1_BRK_UP_TRG_COM_IRQHandler  stm32f0xx_it.o
    0x08000c04   0x08000c04   0x00000088   Code   RO         1894    i.TIM_Base_SetConfig  stm32f0xx_hal_tim.o
    0x08000c8c   0x08000c8c   0x00000010   Code   RO          204    i.USER_initialize   user_diskio.o
    0x08000c9c   0x08000c9c   0x00000004   Code   RO          205    i.USER_ioctl        user_diskio.o
    0x08000ca0   0x08000ca0   0x00000004   Code   RO          206    i.USER_read         user_diskio.o
    0x08000ca4   0x08000ca4   0x00000010   Code   RO          207    i.USER_status       user_diskio.o
    0x08000cb4   0x08000cb4   0x00000004   Code   RO          208    i.USER_write        user_diskio.o
    0x08000cb8   0x08000cb8   0x00000030   Code   RO          503    i.__ARM_common_ll_muluu  stm32f0xx_hal_rcc.o
    0x08000ce8   0x08000ce8   0x0000001a   Code   RO         1350    i.__ARM_common_switch8  stm32f0xx_hal_dma.o
    0x08000d02   0x08000d02   0x00000002   PAD
    0x08000d04   0x08000d04   0x00000044   Code   RO         1369    i.__NVIC_SetPriority  stm32f0xx_hal_cortex.o
    0x08000d48   0x08000d48   0x0000000e   Code   RO         4832    i.__scatterload_copy  mc_p.l(handlers.o)
    0x08000d56   0x08000d56   0x00000002   Code   RO         4833    i.__scatterload_null  mc_p.l(handlers.o)
    0x08000d58   0x08000d58   0x0000000e   Code   RO         4834    i.__scatterload_zeroinit  mc_p.l(handlers.o)
    0x08000d66   0x08000d66   0x00000002   PAD
    0x08000d68   0x08000d68   0x00000030   Code   RO           16    i.main              main.o
    0x08000d98   0x08000d98   0x00000034   Code   RO         4261    i.osDelay           cmsis_os2.o
    0x08000dcc   0x08000dcc   0x00000034   Code   RO         4275    i.osKernelInitialize  cmsis_os2.o
    0x08000e00   0x08000e00   0x0000003c   Code   RO         4278    i.osKernelStart     cmsis_os2.o
    0x08000e3c   0x08000e3c   0x000000b0   Code   RO         4312    i.osThreadNew       cmsis_os2.o
    0x08000eec   0x08000eec   0x00000058   Code   RO         3770    i.prvAddCurrentTaskToDelayedList  tasks.o
    0x08000f44   0x08000f44   0x000000bc   Code   RO         3771    i.prvAddNewTaskToReadyList  tasks.o
    0x08001000   0x08001000   0x0000005c   Code   RO         4120    i.prvCheckForValidListAndQueue  timers.o
    0x0800105c   0x0800105c   0x00000026   Code   RO         3385    i.prvCopyDataFromQueue  queue.o
    0x08001082   0x08001082   0x00000070   Code   RO         3386    i.prvCopyDataToQueue  queue.o
    0x080010f2   0x080010f2   0x00000026   Code   RO         3772    i.prvDeleteTCB      tasks.o
    0x08001118   0x08001118   0x00000044   Code   RO         4679    i.prvHeapInit       heap_4.o
    0x0800115c   0x0800115c   0x0000004c   Code   RO         3773    i.prvIdleTask       tasks.o
    0x080011a8   0x080011a8   0x00000022   Code   RO         3388    i.prvInitialiseNewQueue  queue.o
    0x080011ca   0x080011ca   0x00000088   Code   RO         3774    i.prvInitialiseNewTask  tasks.o
    0x08001252   0x08001252   0x00000002   PAD
    0x08001254   0x08001254   0x0000004c   Code   RO         4680    i.prvInsertBlockIntoFreeList  heap_4.o
    0x080012a0   0x080012a0   0x00000038   Code   RO         4122    i.prvInsertTimerInActiveList  timers.o
    0x080012d8   0x080012d8   0x0000001c   Code   RO         3389    i.prvIsQueueEmpty   queue.o
    0x080012f4   0x080012f4   0x000000bc   Code   RO         4123    i.prvProcessReceivedCommands  timers.o
    0x080013b0   0x080013b0   0x0000009c   Code   RO         4124    i.prvProcessTimerOrBlockTask  timers.o
    0x0800144c   0x0800144c   0x00000020   Code   RO         3776    i.prvResetNextTaskUnblockTime  tasks.o
    0x0800146c   0x0800146c   0x00000028   Code   RO         4125    i.prvSampleTimeNow  timers.o
    0x08001494   0x08001494   0x00000060   Code   RO         4126    i.prvSwitchTimerLists  timers.o
    0x080014f4   0x080014f4   0x00000014   Code   RO         4731    i.prvTaskExitError  port.o
    0x08001508   0x08001508   0x00000024   Code   RO         4127    i.prvTimerTask      timers.o
    0x0800152c   0x0800152c   0x00000070   Code   RO         3390    i.prvUnlockQueue    queue.o
    0x0800159c   0x0800159c   0x000000b0   Code   RO         4681    i.pvPortMalloc      heap_4.o
    0x0800164c   0x0800164c   0x00000020   Code   RO         4732    i.pxPortInitialiseStack  port.o
    0x0800166c   0x0800166c   0x00000026   Code   RO         3348    i.uxListRemove      list.o
    0x08001692   0x08001692   0x00000002   PAD
    0x08001694   0x08001694   0x00000014   Code   RO         4324    i.vApplicationGetIdleTaskMemory  cmsis_os2.o
    0x080016a8   0x080016a8   0x00000018   Code   RO         4325    i.vApplicationGetTimerTaskMemory  cmsis_os2.o
    0x080016c0   0x080016c0   0x00000016   Code   RO         3349    i.vListInitialise   list.o
    0x080016d6   0x080016d6   0x00000006   Code   RO         3350    i.vListInitialiseItem  list.o
    0x080016dc   0x080016dc   0x00000030   Code   RO         3351    i.vListInsert       list.o
    0x0800170c   0x0800170c   0x00000018   Code   RO         3352    i.vListInsertEnd    list.o
    0x08001724   0x08001724   0x00000018   Code   RO         4734    i.vPortEnterCritical  port.o
    0x0800173c   0x0800173c   0x0000001c   Code   RO         4735    i.vPortExitCritical  port.o
    0x08001758   0x08001758   0x00000044   Code   RO         4682    i.vPortFree         heap_4.o
    0x0800179c   0x0800179c   0x00000018   Code   RO         4736    i.vPortYield        port.o
    0x080017b4   0x080017b4   0x00000024   Code   RO         3396    i.vQueueAddToRegistry  queue.o
    0x080017d8   0x080017d8   0x00000044   Code   RO         3400    i.vQueueWaitForMessageRestricted  queue.o
    0x0800181c   0x0800181c   0x00000030   Code   RO         3788    i.vTaskDelay        tasks.o
    0x0800184c   0x0800184c   0x00000010   Code   RO         3793    i.vTaskInternalSetTimeOutState  tasks.o
    0x0800185c   0x0800185c   0x0000000c   Code   RO         3794    i.vTaskMissedYield  tasks.o
    0x08001868   0x08001868   0x00000024   Code   RO         3796    i.vTaskPlaceOnEventList  tasks.o
    0x0800188c   0x0800188c   0x00000030   Code   RO         3797    i.vTaskPlaceOnEventListRestricted  tasks.o
    0x080018bc   0x080018bc   0x00000068   Code   RO         3805    i.vTaskStartScheduler  tasks.o
    0x08001924   0x08001924   0x00000010   Code   RO         3807    i.vTaskSuspendAll   tasks.o
    0x08001934   0x08001934   0x00000058   Code   RO         3808    i.vTaskSwitchContext  tasks.o
    0x0800198c   0x0800198c   0x00000050   Code   RO         4737    i.xPortStartScheduler  port.o
    0x080019dc   0x080019dc   0x00000040   Code   RO         3406    i.xQueueGenericCreateStatic  queue.o
    0x08001a1c   0x08001a1c   0x0000006c   Code   RO         3407    i.xQueueGenericReset  queue.o
    0x08001a88   0x08001a88   0x00000118   Code   RO         3408    i.xQueueGenericSend  queue.o
    0x08001ba0   0x08001ba0   0x0000008c   Code   RO         3409    i.xQueueGenericSendFromISR  queue.o
    0x08001c2c   0x08001c2c   0x00000102   Code   RO         3418    i.xQueueReceive     queue.o
    0x08001d2e   0x08001d2e   0x00000002   PAD
    0x08001d30   0x08001d30   0x0000005c   Code   RO         3809    i.xTaskCheckForTimeOut  tasks.o
    0x08001d8c   0x08001d8c   0x00000052   Code   RO         3810    i.xTaskCreate       tasks.o
    0x08001dde   0x08001dde   0x00000044   Code   RO         3811    i.xTaskCreateStatic  tasks.o
    0x08001e22   0x08001e22   0x00000002   PAD
    0x08001e24   0x08001e24   0x00000020   Code   RO         3815    i.xTaskGetSchedulerState  tasks.o
    0x08001e44   0x08001e44   0x0000000c   Code   RO         3816    i.xTaskGetTickCount  tasks.o
    0x08001e50   0x08001e50   0x000000bc   Code   RO         3818    i.xTaskIncrementTick  tasks.o
    0x08001f0c   0x08001f0c   0x00000068   Code   RO         3821    i.xTaskPriorityDisinherit  tasks.o
    0x08001f74   0x08001f74   0x00000064   Code   RO         3823    i.xTaskRemoveFromEventList  tasks.o
    0x08001fd8   0x08001fd8   0x000000b0   Code   RO         3824    i.xTaskResumeAll    tasks.o
    0x08002088   0x08002088   0x00000058   Code   RO         4134    i.xTimerCreateTimerTask  timers.o
    0x080020e0   0x080020e0   0x00000054   Code   RO         4135    i.xTimerGenericCommand  timers.o
    0x08002134   0x08002134   0x00000024   Data   RO           17    .constdata          main.o
    0x08002158   0x08002158   0x00000010   Data   RO         2766    .constdata          system_stm32f0xx.o
    0x08002168   0x08002168   0x00000008   Data   RO         2767    .constdata          system_stm32f0xx.o
    0x08002170   0x08002170   0x0000000c   Data   RO           18    .conststring        main.o
    0x0800217c   0x0800217c   0x00000020   Data   RO         4830    Region$$Table       anon$$obj.o


    Execution Region RW_IRAM1 (Exec base: 0x20000000, Load base: 0x0800219c, Size: 0x00001dd0, Max: 0x00008000, ABSOLUTE)

    Exec Addr    Load Addr    Size         Type   Attr      Idx    E Section Name        Object

    0x20000000   0x0800219c   0x00000004   Data   RW           19    .data               main.o
    0x20000004   0x080021a0   0x00000001   Data   RW          209    .data               user_diskio.o
    0x20000005   0x080021a1   0x00000003   PAD
    0x20000008   0x080021a4   0x00000014   Data   RW          210    .data               user_diskio.o
    0x2000001c   0x080021b8   0x00000005   Data   RW          268    .data               fatfs.o
    0x20000021   0x080021bd   0x00000003   PAD
    0x20000024   0x080021c0   0x0000000c   Data   RW          566    .data               stm32f0xx_hal.o
    0x20000030   0x080021cc   0x00000004   Data   RW         2768    .data               system_stm32f0xx.o
    0x20000034   0x080021d0   0x0000003c   Data   RW         3827    .data               tasks.o
    0x20000070   0x0800220c   0x00000014   Data   RW         4143    .data               timers.o
    0x20000084   0x08002220   0x00000004   Data   RW         4327    .data               cmsis_os2.o
    0x20000088   0x08002224   0x00000018   Data   RW         4687    .data               heap_4.o
    0x200000a0   0x0800223c   0x00000004   Data   RW         4738    .data               port.o
    0x200000a4        -       0x00000048   Zero   RW          385    .bss                stm32f0xx_hal_timebase_tim.o
    0x200000ec        -       0x0000000c   Zero   RW         3166    .bss                ff_gen_drv.o
    0x200000f8        -       0x00000040   Zero   RW         3422    .bss                queue.o
    0x20000138        -       0x000004c4   Zero   RW         3826    .bss                tasks.o
    0x200005fc        -       0x00000118   Zero   RW         4142    .bss                timers.o
    0x20000714        -       0x000006b8   Zero   RW         4326    .bss                cmsis_os2.o
    0x20000dcc        -       0x00000c00   Zero   RW         4686    .bss                heap_4.o
    0x200019cc   0x08002240   0x00000004   PAD
    0x200019d0        -       0x00000400   Zero   RW            1    STACK               startup_stm32f030xc.o


==============================================================================

Image component sizes


      Code (inc. data)   RO Data    RW Data    ZI Data      Debug   Object Name

       384         30          0          4       1720      12766   cmsis_os2.o
         0          0          0          0          0       2444   event_groups.o
        28         10          0          5          0        926   fatfs.o
        74          4          0          0         12       1507   ff_gen_drv.o
         0          0          0          0          0       5448   freertos.o
       388         22          0         24       3072       3995   heap_4.o
       138          0          0          0          0       3174   list.o
       140         16         48          4          0     275930   main.o
       366         58          0          4          0       6536   port.o
      1278          4          0          0         64      14976   queue.o
        28          8        184          0       1024        596   startup_stm32f030xc.o
        60         16          0         12          0       6622   stm32f0xx_hal.o
       100         14          0          0          0       9432   stm32f0xx_hal_cortex.o
        26          0          0          0          0         72   stm32f0xx_hal_dma.o
        48          4          0          0          0        734   stm32f0xx_hal_msp.o
      1416        100          0          0          0       5066   stm32f0xx_hal_rcc.o
       652         36          0          0          0       6488   stm32f0xx_hal_tim.o
         4          0          0          0          0       1441   stm32f0xx_hal_tim_ex.o
       120         22          0          0         72       1291   stm32f0xx_hal_timebase_tim.o
        20          6          0          0          0       1203   stm32f0xx_it.o
         0          0          0          0          0      10056   syscall.o
         2          0         24          4          0        995   system_stm32f0xx.o
      1780        156          0         60       1220      20320   tasks.o
       836         74          0         20        280       8771   timers.o
        44         12          0         21          0      11716   user_diskio.o

    ----------------------------------------------------------------------
      7948        592        288        164       7468     412505   Object Totals
         0          0         32          0          0          0   (incl. Generated)
        16          0          0          6          4          0   (incl. Padding)

    ----------------------------------------------------------------------

      Code (inc. data)   RO Data    RW Data    ZI Data      Debug   Library Member Name

         0          0          0          0          0          0   entry.o
         0          0          0          0          0          0   entry10a.o
         0          0          0          0          0          0   entry11a.o
         8          4          0          0          0          0   entry2.o
         4          0          0          0          0          0   entry5.o
         0          0          0          0          0          0   entry7b.o
         0          0          0          0          0          0   entry8b.o
         8          4          0          0          0          0   entry9a.o
        30          0          0          0          0          0   handlers.o
        36          8          0          0          0         68   init.o
        32          0          0          0          0         68   llshl.o
        34          0          0          0          0         68   llushr.o
        36          0          0          0          0         60   memcpya.o
        36          0          0          0          0        100   memseta.o
        44          0          0          0          0         72   uidiv.o
        96          0          0          0          0         84   uldiv.o

    ----------------------------------------------------------------------
       368         16          0          0          0        520   Library Totals
         4          0          0          0          0          0   (incl. Padding)

    ----------------------------------------------------------------------

      Code (inc. data)   RO Data    RW Data    ZI Data      Debug   Library Name

       364         16          0          0          0        520   mc_p.l

    ----------------------------------------------------------------------
       368         16          0          0          0        520   Library Totals

    ----------------------------------------------------------------------

==============================================================================


      Code (inc. data)   RO Data    RW Data    ZI Data      Debug   

      8316        608        288        164       7468     408329   Grand Totals
      8316        608        288        164       7468     408329   ELF Image Totals
      8316        608        288        164          0          0   ROM Totals

==============================================================================

    Total RO  Size (Code + RO Data)                 8604 (   8.40kB)
    Total RW  Size (RW Data + ZI Data)              7632 (   7.45kB)
    Total ROM Size (Code + RO Data + RW Data)       8768 (   8.56kB)

==============================================================================

